Archive member included to satisfy reference by file (symbol)

c:/progra~3/matlab/suppor~1/r2019b/3p778c~1.ins/gnuarm~1.ins/win/bin/../lib/gcc/arm-none-eabi/7.2.1/../../../../arm-none-eabi/lib/thumb/v7e-m/fpv4-sp/hard\libm.a(lib_a-s_cos.o)
                              Accel.o (cos)
c:/progra~3/matlab/suppor~1/r2019b/3p778c~1.ins/gnuarm~1.ins/win/bin/../lib/gcc/arm-none-eabi/7.2.1/../../../../arm-none-eabi/lib/thumb/v7e-m/fpv4-sp/hard\libm.a(lib_a-s_floor.o)
                              Accel.o (floor)
c:/progra~3/matlab/suppor~1/r2019b/3p778c~1.ins/gnuarm~1.ins/win/bin/../lib/gcc/arm-none-eabi/7.2.1/../../../../arm-none-eabi/lib/thumb/v7e-m/fpv4-sp/hard\libm.a(lib_a-s_sin.o)
                              Accel.o (sin)
c:/progra~3/matlab/suppor~1/r2019b/3p778c~1.ins/gnuarm~1.ins/win/bin/../lib/gcc/arm-none-eabi/7.2.1/../../../../arm-none-eabi/lib/thumb/v7e-m/fpv4-sp/hard\libm.a(lib_a-w_atan2.o)
                              Accel.o (atan2)
c:/progra~3/matlab/suppor~1/r2019b/3p778c~1.ins/gnuarm~1.ins/win/bin/../lib/gcc/arm-none-eabi/7.2.1/../../../../arm-none-eabi/lib/thumb/v7e-m/fpv4-sp/hard\libm.a(lib_a-w_fmod.o)
                              Accel.o (fmod)
c:/progra~3/matlab/suppor~1/r2019b/3p778c~1.ins/gnuarm~1.ins/win/bin/../lib/gcc/arm-none-eabi/7.2.1/../../../../arm-none-eabi/lib/thumb/v7e-m/fpv4-sp/hard\libm.a(lib_a-w_pow.o)
                              Accel.o (pow)
c:/progra~3/matlab/suppor~1/r2019b/3p778c~1.ins/gnuarm~1.ins/win/bin/../lib/gcc/arm-none-eabi/7.2.1/../../../../arm-none-eabi/lib/thumb/v7e-m/fpv4-sp/hard\libm.a(lib_a-w_sqrt.o)
                              Accel.o (sqrt)
c:/progra~3/matlab/suppor~1/r2019b/3p778c~1.ins/gnuarm~1.ins/win/bin/../lib/gcc/arm-none-eabi/7.2.1/../../../../arm-none-eabi/lib/thumb/v7e-m/fpv4-sp/hard\libm.a(lib_a-e_atan2.o)
                              c:/progra~3/matlab/suppor~1/r2019b/3p778c~1.ins/gnuarm~1.ins/win/bin/../lib/gcc/arm-none-eabi/7.2.1/../../../../arm-none-eabi/lib/thumb/v7e-m/fpv4-sp/hard\libm.a(lib_a-w_atan2.o) (__ieee754_atan2)
c:/progra~3/matlab/suppor~1/r2019b/3p778c~1.ins/gnuarm~1.ins/win/bin/../lib/gcc/arm-none-eabi/7.2.1/../../../../arm-none-eabi/lib/thumb/v7e-m/fpv4-sp/hard\libm.a(lib_a-e_fmod.o)
                              c:/progra~3/matlab/suppor~1/r2019b/3p778c~1.ins/gnuarm~1.ins/win/bin/../lib/gcc/arm-none-eabi/7.2.1/../../../../arm-none-eabi/lib/thumb/v7e-m/fpv4-sp/hard\libm.a(lib_a-w_fmod.o) (__ieee754_fmod)
c:/progra~3/matlab/suppor~1/r2019b/3p778c~1.ins/gnuarm~1.ins/win/bin/../lib/gcc/arm-none-eabi/7.2.1/../../../../arm-none-eabi/lib/thumb/v7e-m/fpv4-sp/hard\libm.a(lib_a-e_pow.o)
                              c:/progra~3/matlab/suppor~1/r2019b/3p778c~1.ins/gnuarm~1.ins/win/bin/../lib/gcc/arm-none-eabi/7.2.1/../../../../arm-none-eabi/lib/thumb/v7e-m/fpv4-sp/hard\libm.a(lib_a-w_pow.o) (__ieee754_pow)
c:/progra~3/matlab/suppor~1/r2019b/3p778c~1.ins/gnuarm~1.ins/win/bin/../lib/gcc/arm-none-eabi/7.2.1/../../../../arm-none-eabi/lib/thumb/v7e-m/fpv4-sp/hard\libm.a(lib_a-e_rem_pio2.o)
                              c:/progra~3/matlab/suppor~1/r2019b/3p778c~1.ins/gnuarm~1.ins/win/bin/../lib/gcc/arm-none-eabi/7.2.1/../../../../arm-none-eabi/lib/thumb/v7e-m/fpv4-sp/hard\libm.a(lib_a-s_cos.o) (__ieee754_rem_pio2)
c:/progra~3/matlab/suppor~1/r2019b/3p778c~1.ins/gnuarm~1.ins/win/bin/../lib/gcc/arm-none-eabi/7.2.1/../../../../arm-none-eabi/lib/thumb/v7e-m/fpv4-sp/hard\libm.a(lib_a-e_sqrt.o)
                              c:/progra~3/matlab/suppor~1/r2019b/3p778c~1.ins/gnuarm~1.ins/win/bin/../lib/gcc/arm-none-eabi/7.2.1/../../../../arm-none-eabi/lib/thumb/v7e-m/fpv4-sp/hard\libm.a(lib_a-w_sqrt.o) (__ieee754_sqrt)
c:/progra~3/matlab/suppor~1/r2019b/3p778c~1.ins/gnuarm~1.ins/win/bin/../lib/gcc/arm-none-eabi/7.2.1/../../../../arm-none-eabi/lib/thumb/v7e-m/fpv4-sp/hard\libm.a(lib_a-k_cos.o)
                              c:/progra~3/matlab/suppor~1/r2019b/3p778c~1.ins/gnuarm~1.ins/win/bin/../lib/gcc/arm-none-eabi/7.2.1/../../../../arm-none-eabi/lib/thumb/v7e-m/fpv4-sp/hard\libm.a(lib_a-s_cos.o) (__kernel_cos)
c:/progra~3/matlab/suppor~1/r2019b/3p778c~1.ins/gnuarm~1.ins/win/bin/../lib/gcc/arm-none-eabi/7.2.1/../../../../arm-none-eabi/lib/thumb/v7e-m/fpv4-sp/hard\libm.a(lib_a-k_rem_pio2.o)
                              c:/progra~3/matlab/suppor~1/r2019b/3p778c~1.ins/gnuarm~1.ins/win/bin/../lib/gcc/arm-none-eabi/7.2.1/../../../../arm-none-eabi/lib/thumb/v7e-m/fpv4-sp/hard\libm.a(lib_a-e_rem_pio2.o) (__kernel_rem_pio2)
c:/progra~3/matlab/suppor~1/r2019b/3p778c~1.ins/gnuarm~1.ins/win/bin/../lib/gcc/arm-none-eabi/7.2.1/../../../../arm-none-eabi/lib/thumb/v7e-m/fpv4-sp/hard\libm.a(lib_a-k_sin.o)
                              c:/progra~3/matlab/suppor~1/r2019b/3p778c~1.ins/gnuarm~1.ins/win/bin/../lib/gcc/arm-none-eabi/7.2.1/../../../../arm-none-eabi/lib/thumb/v7e-m/fpv4-sp/hard\libm.a(lib_a-s_cos.o) (__kernel_sin)
[...]
Memory Configuration

Name             Origin             Length             Attributes
FLASH            0x08000000         0x00100000         xr
SRAM             0x20000000         0x00020000         xrw
CCMRAM           0x10000000         0x00010000         rw
BACKUPRAM        0x40024000         0x00001000         rw
*default*        0x00000000         0xffffffff

Linker script and memory map

LOAD c:/progra~3/matlab/suppor~1/r2019b/3p778c~1.ins/gnuarm~1.ins/win/bin/../lib/gcc/arm-none-eabi/7.2.1/thumb/v7e-m/fpv4-sp/hard/crti.o
LOAD c:/progra~3/matlab/suppor~1/r2019b/3p778c~1.ins/gnuarm~1.ins/win/bin/../lib/gcc/arm-none-eabi/7.2.1/thumb/v7e-m/fpv4-sp/hard/crtbegin.o
LOAD c:/progra~3/matlab/suppor~1/r2019b/3p778c~1.ins/gnuarm~1.ins/win/bin/../lib/gcc/arm-none-eabi/7.2.1/../../../../arm-none-eabi/lib/thumb/v7e-m/fpv4-sp/hard/crt0.o
LOAD Accel.o
LOAD Accel_data.o
LOAD SysTickScheduler.o
LOAD blapp_support.o
LOAD ert_main.o
LOAD m3m4m4f_multitasking.o
LOAD rtGetInf.o
LOAD rtGetNaN.o
LOAD rt_nonfinite.o
LOAD startup_stm32f4xx.o
LOAD stm32f4xx_init_board.o
LOAD syscalls_stm32f4xx.o
LOAD system_stm32f4xx.o
LOAD C:/ProgramData/MATLAB/SupportPackages/R2019b/3P.instrset/cmsis.instrset/CMSIS/Lib/GCC/libarm_cortexM4lf_math.a
LOAD C:/ProgramData/MATLAB/SupportPackages/R2019b/3P.instrset/cmsis.instrset/CMSIS/RTOS/RTX/LIB/GCC/libRTX_CM4.a
LOAD c:/progra~3/matlab/suppor~1/r2019b/3p778c~1.ins/gnuarm~1.ins/win/bin/../lib/gcc/arm-none-eabi/7.2.1/../../../../arm-none-eabi/lib/thumb/v7e-m/fpv4-sp/hard\libstdc++_nano.a
LOAD c:/progra~3/matlab/suppor~1/r2019b/3p778c~1.ins/gnuarm~1.ins/win/bin/../lib/gcc/arm-none-eabi/7.2.1/../../../../arm-none-eabi/lib/thumb/v7e-m/fpv4-sp/hard\libm.a
START GROUP
LOAD c:/progra~3/matlab/suppor~1/r2019b/3p778c~1.ins/gnuarm~1.ins/win/bin/../lib/gcc/arm-none-eabi/7.2.1/thumb/v7e-m/fpv4-sp/hard\libgcc.a
LOAD c:/progra~3/matlab/suppor~1/r2019b/3p778c~1.ins/gnuarm~1.ins/win/bin/../lib/gcc/arm-none-eabi/7.2.1/../../../../arm-none-eabi/lib/thumb/v7e-m/fpv4-sp/hard\libc_nano.a
END GROUP
START GROUP
LOAD c:/progra~3/matlab/suppor~1/r2019b/3p778c~1.ins/gnuarm~1.ins/win/bin/../lib/gcc/arm-none-eabi/7.2.1/thumb/v7e-m/fpv4-sp/hard\libgcc.a
LOAD c:/progra~3/matlab/suppor~1/r2019b/3p778c~1.ins/gnuarm~1.ins/win/bin/../lib/gcc/arm-none-eabi/7.2.1/../../../../arm-none-eabi/lib/thumb/v7e-m/fpv4-sp/hard\libc_nano.a
END GROUP
LOAD c:/progra~3/matlab/suppor~1/r2019b/3p778c~1.ins/gnuarm~1.ins/win/bin/../lib/gcc/arm-none-eabi/7.2.1/thumb/v7e-m/fpv4-sp/hard/crtend.o
LOAD c:/progra~3/matlab/suppor~1/r2019b/3p778c~1.ins/gnuarm~1.ins/win/bin/../lib/gcc/arm-none-eabi/7.2.1/thumb/v7e-m/fpv4-sp/hard/crtn.o

.text           0x08000000     0x752c
 *(.vectors)
 .vectors       0x08000000      0x188 startup_stm32f4xx.o
                0x08000000                g_pfnVectors
 *(.text*)
 .text          0x08000188       0x40 c:/progra~3/matlab/suppor~1/r2019b/3p778c~1.ins/gnuarm~1.ins/win/bin/../lib/gcc/arm-none-eabi/7.2.1/thumb/v7e-m/fpv4-sp/hard/crtbegin.o
 .text          0x080001c8       0x74 c:/progra~3/matlab/suppor~1/r2019b/3p778c~1.ins/gnuarm~1.ins/win/bin/../lib/gcc/arm-none-eabi/7.2.1/../../../../arm-none-eabi/lib/thumb/v7e-m/fpv4-sp/hard/crt0.o
                0x080001c8                _start
                0x080001c8                _mainCRTStartup
 .text.look1_binlcapw
                0x0800023c      0x196 Accel.o
                0x0800023c                look1_binlcapw
 *fill*         0x080003d2        0x2 
 .text.rt_powd_snf
                0x080003d4      0x238 Accel.o
                0x080003d4                rt_powd_snf
 *fill*         0x0800060c        0x4 
 .text.rt_hypotd_snf
                0x08000610      0x154 Accel.o
                0x08000610                rt_hypotd_snf
 *fill*         0x08000764        0x4 
 .text.rt_atan2d_snf
                0x08000768      0x164 Accel.o
                0x08000768                rt_atan2d_snf
 *fill*         0x080008cc        0x4 
 .text.Accel_step
                0x080008d0     0x2704 Accel.o
                0x080008d0                Accel_step
 .text.Accel_initialize
                0x08002fd4       0x48 Accel.o
                0x08002fd4                Accel_initialize
 .text.Accel_terminate
                0x0800301c        0xe Accel.o
                0x0800301c                Accel_terminate
 *fill*         0x0800302a        0x2 
 .text.__NVIC_SetPriority
                0x0800302c       0x54 SysTickScheduler.o
 .text.__NVIC_GetPriority
                0x08003080       0x50 SysTickScheduler.o
 .text.SysTick_Config
                0x080030d0       0x44 SysTickScheduler.o
 .text.mw_blockLowerPriorityTasks
                0x08003114       0x26 SysTickScheduler.o
 *fill*         0x0800313a        0x2 
 .text.SysTick_Isr
                0x0800313c       0x40 SysTickScheduler.o
 .text.SysTick_Handler
                0x0800317c       0x28 SysTickScheduler.o
                0x0800317c                SysTick_Handler
 .text.ARMCM_SysTick_Config
                0x080031a4       0x8c SysTickScheduler.o
                0x080031a4                ARMCM_SysTick_Config
 .text.bootloaderInit
                0x08003230        0xe blapp_support.o
                0x08003230                bootloaderInit
 *fill*         0x0800323e        0x2 
 .text.rt_OneStep
                0x08003240       0x48 ert_main.o
                0x08003240                rt_OneStep
 .text.main     0x08003288       0xb8 ert_main.o
                0x08003288                main
 .text.arm_cortex_m_call_thread_with_context_switch
                0x08003340       0x30 m3m4m4f_multitasking.o
                0x08003340                arm_cortex_m_call_thread_with_context_switch
 .text.SVC_Handler
                0x08003370       0x58 m3m4m4f_multitasking.o
                0x08003370                SVC_Handler
 .text.rtGetInf
                0x080033c8       0x60 rtGetInf.o
                0x080033c8                rtGetInf
 .text.rtGetInfF
                0x08003428       0x20 rtGetInf.o
                0x08003428                rtGetInfF
 .text.rtGetMinusInf
                0x08003448       0x60 rtGetInf.o
                0x08003448                rtGetMinusInf
 .text.rtGetMinusInfF
                0x080034a8       0x24 rtGetInf.o
                0x080034a8                rtGetMinusInfF
 .text.rtGetNaN
                0x080034cc       0x60 rtGetNaN.o
                0x080034cc                rtGetNaN
 .text.rtGetNaNF
                0x0800352c       0x28 rtGetNaN.o
                0x0800352c                rtGetNaNF
 .text.rt_InitInfAndNaN
                0x08003554       0x88 rt_nonfinite.o
                0x08003554                rt_InitInfAndNaN
 .text.rtIsInf  0x080035dc       0x50 rt_nonfinite.o
                0x080035dc                rtIsInf
 .text.rtIsNaN  0x0800362c       0x6c rt_nonfinite.o
                0x0800362c                rtIsNaN
 .text.rtIsNaNF
                0x08003698       0x38 rt_nonfinite.o
                0x08003698                rtIsNaNF
 .text.Default_ResetHandler
                0x080036d0       0x60 startup_stm32f4xx.o
                0x080036d0                Reset_Handler
                0x080036d0                Default_ResetHandler
 .text.Default_Handler
                0x08003730        0x6 startup_stm32f4xx.o
                0x08003730                RTC_Alarm_IRQHandler
                0x08003730                HASH_RNG_IRQHandler
                0x08003730                EXTI2_IRQHandler
                0x08003730                TIM8_CC_IRQHandler
                0x08003730                DebugMon_Handler
                0x08003730                TIM1_CC_IRQHandler
                0x08003730                DMA2_Stream5_IRQHandler
                0x08003730                HardFault_Handler
                0x08003730                DMA1_Stream5_IRQHandler
                0x08003730                PVD_IRQHandler
                0x08003730                SDIO_IRQHandler
                0x08003730                TAMP_STAMP_IRQHandler
                0x08003730                PendSV_Handler
                0x08003730                NMI_Handler
                0x08003730                CAN2_RX1_IRQHandler
                0x08003730                EXTI3_IRQHandler
                0x08003730                TIM8_TRG_COM_TIM14_IRQHandler
                0x08003730                TIM1_UP_TIM10_IRQHandler
                0x08003730                TIM8_UP_TIM13_IRQHandler
                0x08003730                I2C3_ER_IRQHandler
                0x08003730                EXTI0_IRQHandler
                0x08003730                I2C2_EV_IRQHandler
                0x08003730                DMA1_Stream2_IRQHandler
                0x08003730                CAN1_RX0_IRQHandler
                0x08003730                FPU_IRQHandler
                0x08003730                OTG_HS_WKUP_IRQHandler
                0x08003730                UsageFault_Handler
                0x08003730                CAN2_SCE_IRQHandler
                0x08003730                DMA2_Stream2_IRQHandler
                0x08003730                SPI1_IRQHandler
                0x08003730                TIM6_DAC_IRQHandler
                0x08003730                TIM1_BRK_TIM9_IRQHandler
                0x08003730                DCMI_IRQHandler
                0x08003730                CAN2_RX0_IRQHandler
                0x08003730                DMA2_Stream3_IRQHandler
                0x08003730                USART6_IRQHandler
                0x08003730                USART3_IRQHandler
                0x08003730                CRYP_IRQHandler
                0x08003730                CAN1_RX1_IRQHandler
                0x08003730                UART5_IRQHandler
                0x08003730                DMA2_Stream0_IRQHandler
                0x08003730                TIM4_IRQHandler
                0x08003730                I2C1_EV_IRQHandler
                0x08003730                DMA1_Stream6_IRQHandler
                0x08003730                DMA1_Stream1_IRQHandler
                0x08003730                UART4_IRQHandler
                0x08003730                TIM3_IRQHandler
                0x08003730                RCC_IRQHandler
                0x08003730                TIM8_BRK_TIM12_IRQHandler
                0x08003730                EXTI15_10_IRQHandler
                0x08003730                ADC_IRQHandler
                0x08003730                DMA1_Stream7_IRQHandler
                0x08003730                TIM7_IRQHandler
                0x08003730                CAN2_TX_IRQHandler
                0x08003730                TIM5_IRQHandler
                0x08003730                DMA2_Stream7_IRQHandler
                0x08003730                I2C3_EV_IRQHandler
                0x08003730                EXTI9_5_IRQHandler
                0x08003730                RTC_WKUP_IRQHandler
                0x08003730                ETH_WKUP_IRQHandler
                0x08003730                SPI2_IRQHandler
                0x08003730                OTG_HS_EP1_IN_IRQHandler
                0x08003730                MemManage_Handler
                0x08003730                DMA1_Stream0_IRQHandler
                0x08003730                CAN1_TX_IRQHandler
                0x08003730                EXTI4_IRQHandler
                0x08003730                FSMC_IRQHandler
                0x08003730                ETH_IRQHandler
                0x08003730                OTG_HS_EP1_OUT_IRQHandler
                0x08003730                WWDG_IRQHandler
                0x08003730                TIM2_IRQHandler
                0x08003730                OTG_FS_WKUP_IRQHandler
                0x08003730                TIM1_TRG_COM_TIM11_IRQHandler
                0x08003730                OTG_HS_IRQHandler
                0x08003730                EXTI1_IRQHandler
                0x08003730                USART2_IRQHandler
                0x08003730                I2C2_ER_IRQHandler
                0x08003730                DMA2_Stream1_IRQHandler
                0x08003730                CAN1_SCE_IRQHandler
                0x08003730                FLASH_IRQHandler
                0x08003730                DMA2_Stream4_IRQHandler
                0x08003730                BusFault_Handler
                0x08003730                USART1_IRQHandler
                0x08003730                OTG_FS_IRQHandler
                0x08003730                SPI3_IRQHandler
                0x08003730                DMA1_Stream4_IRQHandler
                0x08003730                I2C1_ER_IRQHandler
                0x08003730                DMA2_Stream6_IRQHandler
                0x08003730                DMA1_Stream3_IRQHandler
 *fill*         0x08003736        0x2 
 .text.__NVIC_SetPriority
                0x08003738       0x54 stm32f4xx_init_board.o
 .text.stm32f4xx_init_board
                0x0800378c       0x24 stm32f4xx_init_board.o
                0x0800378c                stm32f4xx_init_board
 .text._exit    0x080037b0        0xa syscalls_stm32f4xx.o
                0x080037b0                _exit
 *fill*         0x080037ba        0x2 
 .text.SystemInit
                0x080037bc       0x6c system_stm32f4xx.o
                0x080037bc                SystemInit
 .text.SystemCoreClockUpdate
                0x08003828       0xf8 system_stm32f4xx.o
                0x08003828                SystemCoreClockUpdate
 .text.SetSysClock
                0x08003920       0xf8 system_stm32f4xx.o
 .text.cos      0x08003a18       0xc0 c:/progra~3/matlab/suppor~1/r2019b/3p778c~1.ins/gnuarm~1.ins/win/bin/../lib/gcc/arm-none-eabi/7.2.1/../../../../arm-none-eabi/lib/thumb/v7e-m/fpv4-sp/hard\libm.a(lib_a-s_cos.o)
                0x08003a18                cos
 .text.floor    0x08003ad8      0x110 c:/progra~3/matlab/suppor~1/r2019b/3p778c~1.ins/gnuarm~1.ins/win/bin/../lib/gcc/arm-none-eabi/7.2.1/../../../../arm-none-eabi/lib/thumb/v7e-m/fpv4-sp/hard\libm.a(lib_a-s_floor.o)
                0x08003ad8                floor
 .text.sin      0x08003be8       0xc0 c:/progra~3/matlab/suppor~1/r2019b/3p778c~1.ins/gnuarm~1.ins/win/bin/../lib/gcc/arm-none-eabi/7.2.1/../../../../arm-none-eabi/lib/thumb/v7e-m/fpv4-sp/hard\libm.a(lib_a-s_sin.o)
                0x08003be8                sin
 .text.atan2    0x08003ca8        0x4 c:/progra~3/matlab/suppor~1/r2019b/3p778c~1.ins/gnuarm~1.ins/win/bin/../lib/gcc/arm-none-eabi/7.2.1/../../../../arm-none-eabi/lib/thumb/v7e-m/fpv4-sp/hard\libm.a(lib_a-w_atan2.o)
                0x08003ca8                atan2
 .text.fmod     0x08003cac       0xd0 c:/progra~3/matlab/suppor~1/r2019b/3p778c~1.ins/gnuarm~1.ins/win/bin/../lib/gcc/arm-none-eabi/7.2.1/../../../../arm-none-eabi/lib/thumb/v7e-m/fpv4-sp/hard\libm.a(lib_a-w_fmod.o)
                0x08003cac                fmod
 *fill*         0x08003d7c        0x4 
 .text.pow      0x08003d80      0x338 c:/progra~3/matlab/suppor~1/r2019b/3p778c~1.ins/gnuarm~1.ins/win/bin/../lib/gcc/arm-none-eabi/7.2.1/../../../../arm-none-eabi/lib/thumb/v7e-m/fpv4-sp/hard\libm.a(lib_a-w_pow.o)
                0x08003d80                pow
 .text.sqrt     0x080040b8       0xb8 c:/progra~3/matlab/suppor~1/r2019b/3p778c~1.ins/gnuarm~1.ins/win/bin/../lib/gcc/arm-none-eabi/7.2.1/../../../../arm-none-eabi/lib/thumb/v7e-m/fpv4-sp/hard\libm.a(lib_a-w_sqrt.o)
                0x080040b8                sqrt
 .text.__ieee754_atan2
                0x08004170      0x1c4 c:/progra~3/matlab/suppor~1/r2019b/3p778c~1.ins/gnuarm~1.ins/win/bin/../lib/gcc/arm-none-eabi/7.2.1/../../../../arm-none-eabi/lib/thumb/v7e-m/fpv4-sp/hard\libm.a(lib_a-e_atan2.o)
                0x08004170                __ieee754_atan2
 .text.__ieee754_fmod
                0x08004334      0x248 c:/progra~3/matlab/suppor~1/r2019b/3p778c~1.ins/gnuarm~1.ins/win/bin/../lib/gcc/arm-none-eabi/7.2.1/../../../../arm-none-eabi/lib/thumb/v7e-m/fpv4-sp/hard\libm.a(lib_a-e_fmod.o)
                0x08004334                __ieee754_fmod
 *fill*         0x0800457c        0x4 
 .text.__ieee754_pow
                0x08004580      0xab8 c:/progra~3/matlab/suppor~1/r2019b/3p778c~1.ins/gnuarm~1.ins/win/bin/../lib/gcc/arm-none-eabi/7.2.1/../../../../arm-none-eabi/lib/thumb/v7e-m/fpv4-sp/hard\libm.a(lib_a-e_pow.o)
                0x08004580                __ieee754_pow
 .text.__ieee754_rem_pio2
                0x08005038      0x454 c:/progra~3/matlab/suppor~1/r2019b/3p778c~1.ins/gnuarm~1.ins/win/bin/../lib/gcc/arm-none-eabi/7.2.1/../../../../arm-none-eabi/lib/thumb/v7e-m/fpv4-sp/hard\libm.a(lib_a-e_rem_pio2.o)
                0x08005038                __ieee754_rem_pio2
 .text.__ieee754_sqrt
                0x0800548c      0x194 c:/progra~3/matlab/suppor~1/r2019b/3p778c~1.ins/gnuarm~1.ins/win/bin/../lib/gcc/arm-none-eabi/7.2.1/../../../../arm-none-eabi/lib/thumb/v7e-m/fpv4-sp/hard\libm.a(lib_a-e_sqrt.o)
                0x0800548c                __ieee754_sqrt
 .text.__kernel_cos
                0x08005620      0x284 c:/progra~3/matlab/suppor~1/r2019b/3p778c~1.ins/gnuarm~1.ins/win/bin/../lib/gcc/arm-none-eabi/7.2.1/../../../../arm-none-eabi/lib/thumb/v7e-m/fpv4-sp/hard\libm.a(lib_a-k_cos.o)
                0x08005620                __kernel_cos
 *fill*         0x080058a4        0x4 
 .text.__kernel_rem_pio2
                0x080058a8      0x818 c:/progra~3/matlab/suppor~1/r2019b/3p778c~1.ins/gnuarm~1.ins/win/bin/../lib/gcc/arm-none-eabi/7.2.1/../../../../arm-none-eabi/lib/thumb/v7e-m/fpv4-sp/hard\libm.a(lib_a-k_rem_pio2.o)
                0x080058a8                __kernel_rem_pio2
 .text.__kernel_sin
                0x080060c0      0x194 c:/progra~3/matlab/suppor~1/r2019b/3p778c~1.ins/gnuarm~1.ins/win/bin/../lib/gcc/arm-none-eabi/7.2.1/../../../../arm-none-eabi/lib/thumb/v7e-m/fpv4-sp/hard\libm.a(lib_a-k_sin.o)
                0x080060c0                __kernel_sin
 *fill*         0x08006254        0x4 
 .text.atan     0x08006258      0x358 c:/progra~3/matlab/suppor~1/r2019b/3p778c~1.ins/gnuarm~1.ins/win/bin/../lib/gcc/arm-none-eabi/7.2.1/../../../../arm-none-eabi/lib/thumb/v7e-m/fpv4-sp/hard\libm.a(lib_a-s_atan.o)
                0x08006258                atan
 .text.fabs     0x080065b0       0x14 c:/progra~3/matlab/suppor~1/r2019b/3p778c~1.ins/gnuarm~1.ins/win/bin/../lib/gcc/arm-none-eabi/7.2.1/../../../../arm-none-eabi/lib/thumb/v7e-m/fpv4-sp/hard\libm.a(lib_a-s_fabs.o)
                0x080065b0                fabs
 .text.finite   0x080065c4       0x10 c:/progra~3/matlab/suppor~1/r2019b/3p778c~1.ins/gnuarm~1.ins/win/bin/../lib/gcc/arm-none-eabi/7.2.1/../../../../arm-none-eabi/lib/thumb/v7e-m/fpv4-sp/hard\libm.a(lib_a-s_finite.o)
                0x080065c4                finite
 .text.matherr  0x080065d4        0x4 c:/progra~3/matlab/suppor~1/r2019b/3p778c~1.ins/gnuarm~1.ins/win/bin/../lib/gcc/arm-none-eabi/7.2.1/../../../../arm-none-eabi/lib/thumb/v7e-m/fpv4-sp/hard\libm.a(lib_a-s_matherr.o)
                0x080065d4                matherr
 .text.nan      0x080065d8       0x10 c:/progra~3/matlab/suppor~1/r2019b/3p778c~1.ins/gnuarm~1.ins/win/bin/../lib/gcc/arm-none-eabi/7.2.1/../../../../arm-none-eabi/lib/thumb/v7e-m/fpv4-sp/hard\libm.a(lib_a-s_nan.o)
                0x080065d8                nan
 .text.rint     0x080065e8      0x110 c:/progra~3/matlab/suppor~1/r2019b/3p778c~1.ins/gnuarm~1.ins/win/bin/../lib/gcc/arm-none-eabi/7.2.1/../../../../arm-none-eabi/lib/thumb/v7e-m/fpv4-sp/hard\libm.a(lib_a-s_rint.o)
                0x080065e8                rint
 .text.scalbn   0x080066f8      0x114 c:/progra~3/matlab/suppor~1/r2019b/3p778c~1.ins/gnuarm~1.ins/win/bin/../lib/gcc/arm-none-eabi/7.2.1/../../../../arm-none-eabi/lib/thumb/v7e-m/fpv4-sp/hard\libm.a(lib_a-s_scalbn.o)
                0x080066f8                scalbn
 .text.copysign
                0x0800680c       0x1c c:/progra~3/matlab/suppor~1/r2019b/3p778c~1.ins/gnuarm~1.ins/win/bin/../lib/gcc/arm-none-eabi/7.2.1/../../../../arm-none-eabi/lib/thumb/v7e-m/fpv4-sp/hard\libm.a(lib_a-s_copysign.o)
                0x0800680c                copysign
 .text          0x08006828      0x378 c:/progra~3/matlab/suppor~1/r2019b/3p778c~1.ins/gnuarm~1.ins/win/bin/../lib/gcc/arm-none-eabi/7.2.1/thumb/v7e-m/fpv4-sp/hard\libgcc.a(_arm_addsubdf3.o)
                0x08006828                __aeabi_drsub
                0x08006830                __aeabi_dsub
                0x08006830                __subdf3
                0x08006834                __aeabi_dadd
                0x08006834                __adddf3
                0x08006aac                __floatunsidf
                0x08006aac                __aeabi_ui2d
                0x08006acc                __floatsidf
                0x08006acc                __aeabi_i2d
                0x08006af0                __aeabi_f2d
                0x08006af0                __extendsfdf2
                0x08006b34                __floatundidf
                0x08006b34                __aeabi_ul2d
                0x08006b44                __floatdidf
                0x08006b44                __aeabi_l2d
 .text          0x08006ba0      0x424 c:/progra~3/matlab/suppor~1/r2019b/3p778c~1.ins/gnuarm~1.ins/win/bin/../lib/gcc/arm-none-eabi/7.2.1/thumb/v7e-m/fpv4-sp/hard\libgcc.a(_arm_muldivdf3.o)
                0x08006ba0                __aeabi_dmul
                0x08006ba0                __muldf3
                0x08006df4                __divdf3
                0x08006df4                __aeabi_ddiv
 .text          0x08006fc4      0x110 c:/progra~3/matlab/suppor~1/r2019b/3p778c~1.ins/gnuarm~1.ins/win/bin/../lib/gcc/arm-none-eabi/7.2.1/thumb/v7e-m/fpv4-sp/hard\libgcc.a(_arm_cmpdf2.o)
                0x08006fc4                __gtdf2
                0x08006fc4                __gedf2
                0x08006fcc                __ltdf2
                0x08006fcc                __ledf2
                0x08006fd4                __nedf2
                0x08006fd4                __eqdf2
                0x08006fd4                __cmpdf2
                0x08007050                __aeabi_cdrcmple
                0x08007060                __aeabi_cdcmpeq
                0x08007060                __aeabi_cdcmple
                0x08007070                __aeabi_dcmpeq
                0x08007084                __aeabi_dcmplt
                0x08007098                __aeabi_dcmple
                0x080070ac                __aeabi_dcmpge
                0x080070c0                __aeabi_dcmpgt
 .text          0x080070d4       0x2c c:/progra~3/matlab/suppor~1/r2019b/3p778c~1.ins/gnuarm~1.ins/win/bin/../lib/gcc/arm-none-eabi/7.2.1/thumb/v7e-m/fpv4-sp/hard\libgcc.a(_arm_unorddf2.o)
                0x080070d4                __unorddf2
                0x080070d4                __aeabi_dcmpun
 .text          0x08007100       0x50 c:/progra~3/matlab/suppor~1/r2019b/3p778c~1.ins/gnuarm~1.ins/win/bin/../lib/gcc/arm-none-eabi/7.2.1/thumb/v7e-m/fpv4-sp/hard\libgcc.a(_arm_fixdfsi.o)
                0x08007100                __aeabi_d2iz
                0x08007100                __fixdfsi
 .text          0x08007150       0x40 c:/progra~3/matlab/suppor~1/r2019b/3p778c~1.ins/gnuarm~1.ins/win/bin/../lib/gcc/arm-none-eabi/7.2.1/thumb/v7e-m/fpv4-sp/hard\libgcc.a(_arm_fixunsdfsi.o)
                0x08007150                __aeabi_d2uiz
                0x08007150                __fixunsdfsi
 .text          0x08007190       0xa0 c:/progra~3/matlab/suppor~1/r2019b/3p778c~1.ins/gnuarm~1.ins/win/bin/../lib/gcc/arm-none-eabi/7.2.1/thumb/v7e-m/fpv4-sp/hard\libgcc.a(_arm_truncdfsf2.o)
                0x08007190                __truncdfsf2
                0x08007190                __aeabi_d2f
 .text.__errno  0x08007230        0xc c:/progra~3/matlab/suppor~1/r2019b/3p778c~1.ins/gnuarm~1.ins/win/bin/../lib/gcc/arm-none-eabi/7.2.1/../../../../arm-none-eabi/lib/thumb/v7e-m/fpv4-sp/hard\libc_nano.a(lib_a-errno.o)
                0x08007230                __errno
 .text.exit     0x0800723c       0x28 c:/progra~3/matlab/suppor~1/r2019b/3p778c~1.ins/gnuarm~1.ins/win/bin/../lib/gcc/arm-none-eabi/7.2.1/../../../../arm-none-eabi/lib/thumb/v7e-m/fpv4-sp/hard\libc_nano.a(lib_a-exit.o)
                0x0800723c                exit
 .text.__libc_init_array
                0x08007264       0x48 c:/progra~3/matlab/suppor~1/r2019b/3p778c~1.ins/gnuarm~1.ins/win/bin/../lib/gcc/arm-none-eabi/7.2.1/../../../../arm-none-eabi/lib/thumb/v7e-m/fpv4-sp/hard\libc_nano.a(lib_a-init.o)
                0x08007264                __libc_init_array
 .text.memset   0x080072ac       0x10 c:/progra~3/matlab/suppor~1/r2019b/3p778c~1.ins/gnuarm~1.ins/win/bin/../lib/gcc/arm-none-eabi/7.2.1/../../../../arm-none-eabi/lib/thumb/v7e-m/fpv4-sp/hard\libc_nano.a(lib_a-memset.o)
                0x080072ac                memset
 *(.init)
 .init          0x080072bc        0x4 c:/progra~3/matlab/suppor~1/r2019b/3p778c~1.ins/gnuarm~1.ins/win/bin/../lib/gcc/arm-none-eabi/7.2.1/thumb/v7e-m/fpv4-sp/hard/crti.o
                0x080072bc                _init
 .init          0x080072c0        0x8 c:/progra~3/matlab/suppor~1/r2019b/3p778c~1.ins/gnuarm~1.ins/win/bin/../lib/gcc/arm-none-eabi/7.2.1/thumb/v7e-m/fpv4-sp/hard/crtn.o
 *(.fini)
 .fini          0x080072c8        0x4 c:/progra~3/matlab/suppor~1/r2019b/3p778c~1.ins/gnuarm~1.ins/win/bin/../lib/gcc/arm-none-eabi/7.2.1/thumb/v7e-m/fpv4-sp/hard/crti.o
                0x080072c8                _fini
 .fini          0x080072cc        0x8 c:/progra~3/matlab/suppor~1/r2019b/3p778c~1.ins/gnuarm~1.ins/win/bin/../lib/gcc/arm-none-eabi/7.2.1/thumb/v7e-m/fpv4-sp/hard/crtn.o
 *crtbegin.o(.ctors)
 *crtbegin?.o(.ctors)
 *(EXCLUDE_FILE(*crtend.o *crtend?.o) .ctors)
 *(SORT_BY_NAME(.ctors.*))
 *(.ctors)
 *crtbegin.o(.dtors)
 *crtbegin?.o(.dtors)
 *(EXCLUDE_FILE(*crtend.o *crtend?.o) .dtors)
 *(SORT_BY_NAME(.dtors.*))
 *(.dtors)
 *(.rodata*)
 .rodata.Accel_M
                0x080072d4        0x4 Accel.o
                0x080072d4                Accel_M
 .rodata.fmod.str1.4
                0x080072d8        0x5 c:/progra~3/matlab/suppor~1/r2019b/3p778c~1.ins/gnuarm~1.ins/win/bin/../lib/gcc/arm-none-eabi/7.2.1/../../../../arm-none-eabi/lib/thumb/v7e-m/fpv4-sp/hard\libm.a(lib_a-w_fmod.o)
 *fill*         0x080072dd        0x3 
 .rodata.pow.str1.4
                0x080072e0        0x4 c:/progra~3/matlab/suppor~1/r2019b/3p778c~1.ins/gnuarm~1.ins/win/bin/../lib/gcc/arm-none-eabi/7.2.1/../../../../arm-none-eabi/lib/thumb/v7e-m/fpv4-sp/hard\libm.a(lib_a-w_pow.o)
 .rodata.sqrt.str1.4
                0x080072e4        0x5 c:/progra~3/matlab/suppor~1/r2019b/3p778c~1.ins/gnuarm~1.ins/win/bin/../lib/gcc/arm-none-eabi/7.2.1/../../../../arm-none-eabi/lib/thumb/v7e-m/fpv4-sp/hard\libm.a(lib_a-w_sqrt.o)
 *fill*         0x080072e9        0x7 
 .rodata.Zero   0x080072f0       0x10 c:/progra~3/matlab/suppor~1/r2019b/3p778c~1.ins/gnuarm~1.ins/win/bin/../lib/gcc/arm-none-eabi/7.2.1/../../../../arm-none-eabi/lib/thumb/v7e-m/fpv4-sp/hard\libm.a(lib_a-e_fmod.o)
 .rodata.__ieee754_pow.str1.4
                0x08007300        0x8 c:/progra~3/matlab/suppor~1/r2019b/3p778c~1.ins/gnuarm~1.ins/win/bin/../lib/gcc/arm-none-eabi/7.2.1/../../../../arm-none-eabi/lib/thumb/v7e-m/fpv4-sp/hard\libm.a(lib_a-e_pow.o)
                                  0x1 (size before relaxing)
 .rodata.npio2_hw
                0x08007300       0x80 c:/progra~3/matlab/suppor~1/r2019b/3p778c~1.ins/gnuarm~1.ins/win/bin/../lib/gcc/arm-none-eabi/7.2.1/../../../../arm-none-eabi/lib/thumb/v7e-m/fpv4-sp/hard\libm.a(lib_a-e_rem_pio2.o)
 .rodata.two_over_pi
                0x08007380      0x108 c:/progra~3/matlab/suppor~1/r2019b/3p778c~1.ins/gnuarm~1.ins/win/bin/../lib/gcc/arm-none-eabi/7.2.1/../../../../arm-none-eabi/lib/thumb/v7e-m/fpv4-sp/hard\libm.a(lib_a-e_rem_pio2.o)
 .rodata.PIo2   0x08007488       0x40 c:/progra~3/matlab/suppor~1/r2019b/3p778c~1.ins/gnuarm~1.ins/win/bin/../lib/gcc/arm-none-eabi/7.2.1/../../../../arm-none-eabi/lib/thumb/v7e-m/fpv4-sp/hard\libm.a(lib_a-k_rem_pio2.o)
 .rodata.init_jk
                0x080074c8       0x10 c:/progra~3/matlab/suppor~1/r2019b/3p778c~1.ins/gnuarm~1.ins/win/bin/../lib/gcc/arm-none-eabi/7.2.1/../../../../arm-none-eabi/lib/thumb/v7e-m/fpv4-sp/hard\libm.a(lib_a-k_rem_pio2.o)
 .rodata.atanhi
                0x080074d8       0x20 c:/progra~3/matlab/suppor~1/r2019b/3p778c~1.ins/gnuarm~1.ins/win/bin/../lib/gcc/arm-none-eabi/7.2.1/../../../../arm-none-eabi/lib/thumb/v7e-m/fpv4-sp/hard\libm.a(lib_a-s_atan.o)
 .rodata.atanlo
                0x080074f8       0x20 c:/progra~3/matlab/suppor~1/r2019b/3p778c~1.ins/gnuarm~1.ins/win/bin/../lib/gcc/arm-none-eabi/7.2.1/../../../../arm-none-eabi/lib/thumb/v7e-m/fpv4-sp/hard\libm.a(lib_a-s_atan.o)
 .rodata.TWO52  0x08007518       0x10 c:/progra~3/matlab/suppor~1/r2019b/3p778c~1.ins/gnuarm~1.ins/win/bin/../lib/gcc/arm-none-eabi/7.2.1/../../../../arm-none-eabi/lib/thumb/v7e-m/fpv4-sp/hard\libm.a(lib_a-s_rint.o)
 .rodata._global_impure_ptr
                0x08007528        0x4 c:/progra~3/matlab/suppor~1/r2019b/3p778c~1.ins/gnuarm~1.ins/win/bin/../lib/gcc/arm-none-eabi/7.2.1/../../../../arm-none-eabi/lib/thumb/v7e-m/fpv4-sp/hard\libc_nano.a(lib_a-impure.o)
                0x08007528                _global_impure_ptr
 *(.eh_fram e*)

.eh_frame       0x0800752c        0x0
 .eh_frame      0x0800752c        0x0 c:/progra~3/matlab/suppor~1/r2019b/3p778c~1.ins/gnuarm~1.ins/win/bin/../lib/gcc/arm-none-eabi/7.2.1/thumb/v7e-m/fpv4-sp/hard/crtbegin.o

.glue_7         0x0800752c        0x0
 .glue_7        0x0800752c        0x0 linker stubs

.glue_7t        0x0800752c        0x0
 .glue_7t       0x0800752c        0x0 linker stubs

.vfp11_veneer   0x0800752c        0x0
 .vfp11_veneer  0x0800752c        0x0 linker stubs

.v4_bx          0x0800752c        0x0
 .v4_bx         0x0800752c        0x0 linker stubs

.iplt           0x0800752c        0x0
 .iplt          0x0800752c        0x0 c:/progra~3/matlab/suppor~1/r2019b/3p778c~1.ins/gnuarm~1.ins/win/bin/../lib/gcc/arm-none-eabi/7.2.1/thumb/v7e-m/fpv4-sp/hard/crtbegin.o

.ARM.extab
 *(.ARM.extab* .gnu.linkonce.armextab.*)
                0x0800752c                __exidx_start = .

.ARM.exidx      0x0800752c        0x8
 *(.ARM.exidx* .gnu.linkonce.armexidx.*)
 .ARM.exidx     0x0800752c        0x8 c:/progra~3/matlab/suppor~1/r2019b/3p778c~1.ins/gnuarm~1.ins/win/bin/../lib/gcc/arm-none-eabi/7.2.1/../../../../arm-none-eabi/lib/thumb/v7e-m/fpv4-sp/hard/crt0.o
                0x08007534                __exidx_end = .

.rel.dyn        0x08007534        0x0
 .rel.iplt      0x08007534        0x0 c:/progra~3/matlab/suppor~1/r2019b/3p778c~1.ins/gnuarm~1.ins/win/bin/../lib/gcc/arm-none-eabi/7.2.1/thumb/v7e-m/fpv4-sp/hard/crtbegin.o
                0x08007534                . = ALIGN (0x4)
                0x08007534                _etext = .
                0x08007534                _sidata = .

.data           0x20000000      0x4cc load address 0x08007534
                0x20000000                __data_start__ = .
                0x20000000                _sdata = __data_start__
 *(vtable)
 *(.data*)
 .data.Accel_P  0x20000000      0x448 Accel_data.o
                0x20000000                Accel_P
 .data.SystemCoreClock
                0x20000448        0x4 system_stm32f4xx.o
                0x20000448                SystemCoreClock
 .data.AHBPrescTable
                0x2000044c       0x10 system_stm32f4xx.o
                0x2000044c                AHBPrescTable
 .data.__fdlib_version
                0x2000045c        0x1 c:/progra~3/matlab/suppor~1/r2019b/3p778c~1.ins/gnuarm~1.ins/win/bin/../lib/gcc/arm-none-eabi/7.2.1/../../../../arm-none-eabi/lib/thumb/v7e-m/fpv4-sp/hard\libm.a(lib_a-s_lib_ver.o)
                0x2000045c                __fdlib_version
 *fill*         0x2000045d        0x3 
 .data._impure_ptr
                0x20000460        0x4 c:/progra~3/matlab/suppor~1/r2019b/3p778c~1.ins/gnuarm~1.ins/win/bin/../lib/gcc/arm-none-eabi/7.2.1/../../../../arm-none-eabi/lib/thumb/v7e-m/fpv4-sp/hard\libc_nano.a(lib_a-impure.o)
                0x20000460                _impure_ptr
 .data.impure_data
                0x20000464       0x60 c:/progra~3/matlab/suppor~1/r2019b/3p778c~1.ins/gnuarm~1.ins/win/bin/../lib/gcc/arm-none-eabi/7.2.1/../../../../arm-none-eabi/lib/thumb/v7e-m/fpv4-sp/hard\libc_nano.a(lib_a-impure.o)
                0x200004c4                . = ALIGN (0x4)
                0x200004c4                PROVIDE (__preinit_array_start, .)
 *(.preinit_array)
                0x200004c4                PROVIDE (__preinit_array_end, .)
                0x200004c4                . = ALIGN (0x4)
                0x200004c4                PROVIDE (__init_array_start, .)
 *(SORT_BY_NAME(.init_array.*))
 *(.init_array)
 .init_array    0x200004c4        0x4 c:/progra~3/matlab/suppor~1/r2019b/3p778c~1.ins/gnuarm~1.ins/win/bin/../lib/gcc/arm-none-eabi/7.2.1/thumb/v7e-m/fpv4-sp/hard/crtbegin.o
                0x200004c8                PROVIDE (__init_array_end, .)
                0x200004c8                . = ALIGN (0x4)
                [!provide]                PROVIDE (__fini_array_start, .)
 *(SORT_BY_NAME(.fini_array.*))
 *(.fini_array)
 .fini_array    0x200004c8        0x4 c:/progra~3/matlab/suppor~1/r2019b/3p778c~1.ins/gnuarm~1.ins/win/bin/../lib/gcc/arm-none-eabi/7.2.1/thumb/v7e-m/fpv4-sp/hard/crtbegin.o
                [!provide]                PROVIDE (__fini_array_end, .)
 *(.jcr*)
                0x200004cc                . = ALIGN (0x4)
                0x200004cc                __data_end__ = .
                0x200004cc                _edata = __data_end__

.igot.plt       0x200004cc        0x0 load address 0x08007a00
 .igot.plt      0x200004cc        0x0 c:/progra~3/matlab/suppor~1/r2019b/3p778c~1.ins/gnuarm~1.ins/win/bin/../lib/gcc/arm-none-eabi/7.2.1/thumb/v7e-m/fpv4-sp/hard/crtbegin.o

.bss            0x200004d0      0x164 load address 0x08007a08
                0x200004d0                . = ALIGN (0x4)
                0x200004d0                _sbss = .
                0x200004d0                __bss_start__ = _sbss
 *(.bss .bss.*)
 .bss           0x200004d0       0x1c c:/progra~3/matlab/suppor~1/r2019b/3p778c~1.ins/gnuarm~1.ins/win/bin/../lib/gcc/arm-none-eabi/7.2.1/thumb/v7e-m/fpv4-sp/hard/crtbegin.o
 .bss.IsrOverrun
                0x200004ec        0x4 ert_main.o
                0x200004ec                IsrOverrun
 .bss.OverrunFlag
                0x200004f0        0x1 ert_main.o
 .bss.stopRequested
                0x200004f1        0x1 ert_main.o
                0x200004f1                stopRequested
 .bss.runModel  0x200004f2        0x1 ert_main.o
                0x200004f2                runModel
 *(COMMON)
 *fill*         0x200004f3        0x5 
 COMMON         0x200004f8      0x110 Accel.o
                0x200004f8                Accel_DW
                0x20000518                Accel_B
                0x20000580                Accel_M_
                0x20000588                Accel_U
                0x200005e8                Accel_Y
 COMMON         0x20000608        0x8 SysTickScheduler.o
                0x20000608                schdl_counter_max
                0x2000060c                schdl_counter
 COMMON         0x20000610       0x24 rt_nonfinite.o
                0x20000610                rtNaNF
                0x20000614                rtInfF
                0x20000618                rtInf
                0x20000620                rtNaN
                0x20000628                rtMinusInf
                0x20000630                rtMinusInfF
                0x20000634                . = ALIGN (0x4)
                0x20000634                _ebss = .
                0x20000634                __bss_end__ = _ebss

.co_stack       0x10000000     0x2040
                0x10000000                . = ALIGN (0x8)
                0x10000000                __stack_end__ = .
 *(.co_stack .co_stack.*)
 .co_stack      0x10000000     0x2040 startup_stm32f4xx.o
                0x10000000                pulStack
                0x10002040                __stack_start__ = .
                0x10002040                . = ALIGN (0x8)
                0x10002040                _end_ccmram = .
                0x10002040                PROVIDE (_sheap, _end_ccmram)
                0x10010000                PROVIDE (_eheap, ALIGN ((ORIGIN (CCMRAM) + LENGTH (CCMRAM)), 0x8))
                0x10002040                PROVIDE (__stack, __stack_start__)
OUTPUT(../Accel.elf elf32-littlearm)

.ARM.attributes
                0x00000000       0x30
 .ARM.attributes
                0x00000000       0x22 c:/progra~3/matlab/suppor~1/r2019b/3p778c~1.ins/gnuarm~1.ins/win/bin/../lib/gcc/arm-none-eabi/7.2.1/thumb/v7e-m/fpv4-sp/hard/crti.o
 .ARM.attributes
                0x00000022       0x34 c:/progra~3/matlab/suppor~1/r2019b/3p778c~1.ins/gnuarm~1.ins/win/bin/../lib/gcc/arm-none-eabi/7.2.1/thumb/v7e-m/fpv4-sp/hard/crtbegin.o
 .ARM.attributes
                0x00000056       0x20 c:/progra~3/matlab/suppor~1/r2019b/3p778c~1.ins/gnuarm~1.ins/win/bin/../lib/gcc/arm-none-eabi/7.2.1/../../../../arm-none-eabi/lib/thumb/v7e-m/fpv4-sp/hard/crt0.o
 .ARM.attributes
                0x00000076       0x39 Accel.o
 .ARM.attributes
                0x000000af       0x39 Accel_data.o
 .ARM.attributes
                0x000000e8       0x39 SysTickScheduler.o
 .ARM.attributes
                0x00000121       0x39 blapp_support.o
 .ARM.attributes
                0x0000015a       0x39 ert_main.o
 .ARM.attributes
                0x00000193       0x39 m3m4m4f_multitasking.o
 .ARM.attributes
                0x000001cc       0x39 rtGetInf.o
 .ARM.attributes
                0x00000205       0x39 rtGetNaN.o
 .ARM.attributes
                0x0000023e       0x39 rt_nonfinite.o
 .ARM.attributes
                0x00000277       0x39 startup_stm32f4xx.o
 .ARM.attributes
                0x000002b0       0x39 stm32f4xx_init_board.o
 .ARM.attributes
                0x000002e9       0x39 syscalls_stm32f4xx.o
 .ARM.attributes
                0x00000322       0x39 system_stm32f4xx.o
 .ARM.attributes
                0x0000035b       0x34 c:/progra~3/matlab/suppor~1/r2019b/3p778c~1.ins/gnuarm~1.ins/win/bin/../lib/gcc/arm-none-eabi/7.2.1/../../../../arm-none-eabi/lib/thumb/v7e-m/fpv4-sp/hard\libm.a(lib_a-s_cos.o)
 .ARM.attributes
                0x0000038f       0x34 c:/progra~3/matlab/suppor~1/r2019b/3p778c~1.ins/gnuarm~1.ins/win/bin/../lib/gcc/arm-none-eabi/7.2.1/../../../../arm-none-eabi/lib/thumb/v7e-m/fpv4-sp/hard\libm.a(lib_a-s_floor.o)
 .ARM.attributes
                0x000003c3       0x34 c:/progra~3/matlab/suppor~1/r2019b/3p778c~1.ins/gnuarm~1.ins/win/bin/../lib/gcc/arm-none-eabi/7.2.1/../../../../arm-none-eabi/lib/thumb/v7e-m/fpv4-sp/hard\libm.a(lib_a-s_sin.o)
 .ARM.attributes
                0x000003f7       0x34 c:/progra~3/matlab/suppor~1/r2019b/3p778c~1.ins/gnuarm~1.ins/win/bin/../lib/gcc/arm-none-eabi/7.2.1/../../../../arm-none-eabi/lib/thumb/v7e-m/fpv4-sp/hard\libm.a(lib_a-w_atan2.o)
 .ARM.attributes
                0x0000042b       0x34 c:/progra~3/matlab/suppor~1/r2019b/3p778c~1.ins/gnuarm~1.ins/win/bin/../lib/gcc/arm-none-eabi/7.2.1/../../../../arm-none-eabi/lib/thumb/v7e-m/fpv4-sp/hard\libm.a(lib_a-w_fmod.o)
 .ARM.attributes
                0x0000045f       0x34 c:/progra~3/matlab/suppor~1/r2019b/3p778c~1.ins/gnuarm~1.ins/win/bin/../lib/gcc/arm-none-eabi/7.2.1/../../../../arm-none-eabi/lib/thumb/v7e-m/fpv4-sp/hard\libm.a(lib_a-w_pow.o)
 .ARM.attributes
                0x00000493       0x34 c:/progra~3/matlab/suppor~1/r2019b/3p778c~1.ins/gnuarm~1.ins/win/bin/../lib/gcc/arm-none-eabi/7.2.1/../../../../arm-none-eabi/lib/thumb/v7e-m/fpv4-sp/hard\libm.a(lib_a-w_sqrt.o)
 .ARM.attributes
                0x000004c7       0x34 c:/progra~3/matlab/suppor~1/r2019b/3p778c~1.ins/gnuarm~1.ins/win/bin/../lib/gcc/arm-none-eabi/7.2.1/../../../../arm-none-eabi/lib/thumb/v7e-m/fpv4-sp/hard\libm.a(lib_a-e_atan2.o)
 .ARM.attributes
                0x000004fb       0x34 c:/progra~3/matlab/suppor~1/r2019b/3p778c~1.ins/gnuarm~1.ins/win/bin/../lib/gcc/arm-none-eabi/7.2.1/../../../../arm-none-eabi/lib/thumb/v7e-m/fpv4-sp/hard\libm.a(lib_a-e_fmod.o)
 .ARM.attributes
                0x0000052f       0x34 c:/progra~3/matlab/suppor~1/r2019b/3p778c~1.ins/gnuarm~1.ins/win/bin/../lib/gcc/arm-none-eabi/7.2.1/../../../../arm-none-eabi/lib/thumb/v7e-m/fpv4-sp/hard\libm.a(lib_a-e_pow.o)
 .ARM.attributes
                0x00000563       0x34 c:/progra~3/matlab/suppor~1/r2019b/3p778c~1.ins/gnuarm~1.ins/win/bin/../lib/gcc/arm-none-eabi/7.2.1/../../../../arm-none-eabi/lib/thumb/v7e-m/fpv4-sp/hard\libm.a(lib_a-e_rem_pio2.o)
 .ARM.attributes
                0x00000597       0x34 c:/progra~3/matlab/suppor~1/r2019b/3p778c~1.ins/gnuarm~1.ins/win/bin/../lib/gcc/arm-none-eabi/7.2.1/../../../../arm-none-eabi/lib/thumb/v7e-m/fpv4-sp/hard\libm.a(lib_a-e_sqrt.o)
 .ARM.attributes
                0x000005cb       0x34 c:/progra~3/matlab/suppor~1/r2019b/3p778c~1.ins/gnuarm~1.ins/win/bin/../lib/gcc/arm-none-eabi/7.2.1/../../../../arm-none-eabi/lib/thumb/v7e-m/fpv4-sp/hard\libm.a(lib_a-k_cos.o)
 .ARM.attributes
                0x000005ff       0x34 c:/progra~3/matlab/suppor~1/r2019b/3p778c~1.ins/gnuarm~1.ins/win/bin/../lib/gcc/arm-none-eabi/7.2.1/../../../../arm-none-eabi/lib/thumb/v7e-m/fpv4-sp/hard\libm.a(lib_a-k_rem_pio2.o)
 .ARM.attributes
                0x00000633       0x34 c:/progra~3/matlab/suppor~1/r2019b/3p778c~1.ins/gnuarm~1.ins/win/bin/../lib/gcc/arm-none-eabi/7.2.1/../../../../arm-none-eabi/lib/thumb/v7e-m/fpv4-sp/hard\libm.a(lib_a-k_sin.o)
 .ARM.attributes
                0x00000667       0x34 c:/progra~3/matlab/suppor~1/r2019b/3p778c~1.ins/gnuarm~1.ins/win/bin/../lib/gcc/arm-none-eabi/7.2.1/../../../../arm-none-eabi/lib/thumb/v7e-m/fpv4-sp/hard\libm.a(lib_a-s_atan.o)
 .ARM.attributes
                0x0000069b       0x34 c:/progra~3/matlab/suppor~1/r2019b/3p778c~1.ins/gnuarm~1.ins/win/bin/../lib/gcc/arm-none-eabi/7.2.1/../../../../arm-none-eabi/lib/thumb/v7e-m/fpv4-sp/hard\libm.a(lib_a-s_fabs.o)
 .ARM.attributes
                0x000006cf       0x34 c:/progra~3/matlab/suppor~1/r2019b/3p778c~1.ins/gnuarm~1.ins/win/bin/../lib/gcc/arm-none-eabi/7.2.1/../../../../arm-none-eabi/lib/thumb/v7e-m/fpv4-sp/hard\libm.a(lib_a-s_finite.o)
 .ARM.attributes
                0x00000703       0x34 c:/progra~3/matlab/suppor~1/r2019b/3p778c~1.ins/gnuarm~1.ins/win/bin/../lib/gcc/arm-none-eabi/7.2.1/../../../../arm-none-eabi/lib/thumb/v7e-m/fpv4-sp/hard\libm.a(lib_a-s_lib_ver.o)
 .ARM.attributes
                0x00000737       0x34 c:/progra~3/matlab/suppor~1/r2019b/3p778c~1.ins/gnuarm~1.ins/win/bin/../lib/gcc/arm-none-eabi/7.2.1/../../../../arm-none-eabi/lib/thumb/v7e-m/fpv4-sp/hard\libm.a(lib_a-s_matherr.o)
 .ARM.attributes
                0x0000076b       0x34 c:/progra~3/matlab/suppor~1/r2019b/3p778c~1.ins/gnuarm~1.ins/win/bin/../lib/gcc/arm-none-eabi/7.2.1/../../../../arm-none-eabi/lib/thumb/v7e-m/fpv4-sp/hard\libm.a(lib_a-s_nan.o)
 .ARM.attributes
                0x0000079f       0x34 c:/progra~3/matlab/suppor~1/r2019b/3p778c~1.ins/gnuarm~1.ins/win/bin/../lib/gcc/arm-none-eabi/7.2.1/../../../../arm-none-eabi/lib/thumb/v7e-m/fpv4-sp/hard\libm.a(lib_a-s_rint.o)
 .ARM.attributes
                0x000007d3       0x34 c:/progra~3/matlab/suppor~1/r2019b/3p778c~1.ins/gnuarm~1.ins/win/bin/../lib/gcc/arm-none-eabi/7.2.1/../../../../arm-none-eabi/lib/thumb/v7e-m/fpv4-sp/hard\libm.a(lib_a-s_scalbn.o)
 .ARM.attributes
                0x00000807       0x34 c:/progra~3/matlab/suppor~1/r2019b/3p778c~1.ins/gnuarm~1.ins/win/bin/../lib/gcc/arm-none-eabi/7.2.1/../../../../arm-none-eabi/lib/thumb/v7e-m/fpv4-sp/hard\libm.a(lib_a-s_copysign.o)
 .ARM.attributes
                0x0000083b       0x22 c:/progra~3/matlab/suppor~1/r2019b/3p778c~1.ins/gnuarm~1.ins/win/bin/../lib/gcc/arm-none-eabi/7.2.1/thumb/v7e-m/fpv4-sp/hard\libgcc.a(_arm_addsubdf3.o)
 .ARM.attributes
                0x0000085d       0x22 c:/progra~3/matlab/suppor~1/r2019b/3p778c~1.ins/gnuarm~1.ins/win/bin/../lib/gcc/arm-none-eabi/7.2.1/thumb/v7e-m/fpv4-sp/hard\libgcc.a(_arm_muldivdf3.o)
 .ARM.attributes
                0x0000087f       0x22 c:/progra~3/matlab/suppor~1/r2019b/3p778c~1.ins/gnuarm~1.ins/win/bin/../lib/gcc/arm-none-eabi/7.2.1/thumb/v7e-m/fpv4-sp/hard\libgcc.a(_arm_cmpdf2.o)
 .ARM.attributes
                0x000008a1       0x22 c:/progra~3/matlab/suppor~1/r2019b/3p778c~1.ins/gnuarm~1.ins/win/bin/../lib/gcc/arm-none-eabi/7.2.1/thumb/v7e-m/fpv4-sp/hard\libgcc.a(_arm_unorddf2.o)
 .ARM.attributes
                0x000008c3       0x22 c:/progra~3/matlab/suppor~1/r2019b/3p778c~1.ins/gnuarm~1.ins/win/bin/../lib/gcc/arm-none-eabi/7.2.1/thumb/v7e-m/fpv4-sp/hard\libgcc.a(_arm_fixdfsi.o)
 .ARM.attributes
                0x000008e5       0x22 c:/progra~3/matlab/suppor~1/r2019b/3p778c~1.ins/gnuarm~1.ins/win/bin/../lib/gcc/arm-none-eabi/7.2.1/thumb/v7e-m/fpv4-sp/hard\libgcc.a(_arm_fixunsdfsi.o)
 .ARM.attributes
                0x00000907       0x22 c:/progra~3/matlab/suppor~1/r2019b/3p778c~1.ins/gnuarm~1.ins/win/bin/../lib/gcc/arm-none-eabi/7.2.1/thumb/v7e-m/fpv4-sp/hard\libgcc.a(_arm_truncdfsf2.o)
 .ARM.attributes
                0x00000929       0x34 c:/progra~3/matlab/suppor~1/r2019b/3p778c~1.ins/gnuarm~1.ins/win/bin/../lib/gcc/arm-none-eabi/7.2.1/../../../../arm-none-eabi/lib/thumb/v7e-m/fpv4-sp/hard\libc_nano.a(lib_a-errno.o)
 .ARM.attributes
                0x0000095d       0x34 c:/progra~3/matlab/suppor~1/r2019b/3p778c~1.ins/gnuarm~1.ins/win/bin/../lib/gcc/arm-none-eabi/7.2.1/../../../../arm-none-eabi/lib/thumb/v7e-m/fpv4-sp/hard\libc_nano.a(lib_a-exit.o)
 .ARM.attributes
                0x00000991       0x34 c:/progra~3/matlab/suppor~1/r2019b/3p778c~1.ins/gnuarm~1.ins/win/bin/../lib/gcc/arm-none-eabi/7.2.1/../../../../arm-none-eabi/lib/thumb/v7e-m/fpv4-sp/hard\libc_nano.a(lib_a-impure.o)
 .ARM.attributes
                0x000009c5       0x34 c:/progra~3/matlab/suppor~1/r2019b/3p778c~1.ins/gnuarm~1.ins/win/bin/../lib/gcc/arm-none-eabi/7.2.1/../../../../arm-none-eabi/lib/thumb/v7e-m/fpv4-sp/hard\libc_nano.a(lib_a-init.o)
 .ARM.attributes
                0x000009f9       0x34 c:/progra~3/matlab/suppor~1/r2019b/3p778c~1.ins/gnuarm~1.ins/win/bin/../lib/gcc/arm-none-eabi/7.2.1/../../../../arm-none-eabi/lib/thumb/v7e-m/fpv4-sp/hard\libc_nano.a(lib_a-memset.o)
 .ARM.attributes
                0x00000a2d       0x22 c:/progra~3/matlab/suppor~1/r2019b/3p778c~1.ins/gnuarm~1.ins/win/bin/../lib/gcc/arm-none-eabi/7.2.1/thumb/v7e-m/fpv4-sp/hard/crtn.o

.comment        0x00000000       0x7e
 .comment       0x00000000       0x7e Accel.o
                                 0x7f (size before relaxing)
 .comment       0x0000007e       0x7f Accel_data.o
 .comment       0x0000007e       0x7f SysTickScheduler.o
 .comment       0x0000007e       0x7f blapp_support.o
 .comment       0x0000007e       0x7f ert_main.o
 .comment       0x0000007e       0x7f m3m4m4f_multitasking.o
 .comment       0x0000007e       0x7f rtGetInf.o
 .comment       0x0000007e       0x7f rtGetNaN.o
 .comment       0x0000007e       0x7f rt_nonfinite.o
 .comment       0x0000007e       0x7f startup_stm32f4xx.o
 .comment       0x0000007e       0x7f stm32f4xx_init_board.o
 .comment       0x0000007e       0x7f syscalls_stm32f4xx.o
 .comment       0x0000007e       0x7f system_stm32f4xx.o

.debug_frame    0x00000000      0x84c
 .debug_frame   0x00000000       0x3c c:/progra~3/matlab/suppor~1/r2019b/3p778c~1.ins/gnuarm~1.ins/win/bin/../lib/gcc/arm-none-eabi/7.2.1/../../../../arm-none-eabi/lib/thumb/v7e-m/fpv4-sp/hard\libm.a(lib_a-s_cos.o)
 .debug_frame   0x0000003c       0x30 c:/progra~3/matlab/suppor~1/r2019b/3p778c~1.ins/gnuarm~1.ins/win/bin/../lib/gcc/arm-none-eabi/7.2.1/../../../../arm-none-eabi/lib/thumb/v7e-m/fpv4-sp/hard\libm.a(lib_a-s_floor.o)
 .debug_frame   0x0000006c       0x3c c:/progra~3/matlab/suppor~1/r2019b/3p778c~1.ins/gnuarm~1.ins/win/bin/../lib/gcc/arm-none-eabi/7.2.1/../../../../arm-none-eabi/lib/thumb/v7e-m/fpv4-sp/hard\libm.a(lib_a-s_sin.o)
 .debug_frame   0x000000a8       0x20 c:/progra~3/matlab/suppor~1/r2019b/3p778c~1.ins/gnuarm~1.ins/win/bin/../lib/gcc/arm-none-eabi/7.2.1/../../../../arm-none-eabi/lib/thumb/v7e-m/fpv4-sp/hard\libm.a(lib_a-w_atan2.o)
 .debug_frame   0x000000c8       0x4c c:/progra~3/matlab/suppor~1/r2019b/3p778c~1.ins/gnuarm~1.ins/win/bin/../lib/gcc/arm-none-eabi/7.2.1/../../../../arm-none-eabi/lib/thumb/v7e-m/fpv4-sp/hard\libm.a(lib_a-w_fmod.o)
 .debug_frame   0x00000114       0x50 c:/progra~3/matlab/suppor~1/r2019b/3p778c~1.ins/gnuarm~1.ins/win/bin/../lib/gcc/arm-none-eabi/7.2.1/../../../../arm-none-eabi/lib/thumb/v7e-m/fpv4-sp/hard\libm.a(lib_a-w_pow.o)
 .debug_frame   0x00000164       0x4c c:/progra~3/matlab/suppor~1/r2019b/3p778c~1.ins/gnuarm~1.ins/win/bin/../lib/gcc/arm-none-eabi/7.2.1/../../../../arm-none-eabi/lib/thumb/v7e-m/fpv4-sp/hard\libm.a(lib_a-w_sqrt.o)
 .debug_frame   0x000001b0       0x44 c:/progra~3/matlab/suppor~1/r2019b/3p778c~1.ins/gnuarm~1.ins/win/bin/../lib/gcc/arm-none-eabi/7.2.1/../../../../arm-none-eabi/lib/thumb/v7e-m/fpv4-sp/hard\libm.a(lib_a-e_atan2.o)
 .debug_frame   0x000001f4       0x34 c:/progra~3/matlab/suppor~1/r2019b/3p778c~1.ins/gnuarm~1.ins/win/bin/../lib/gcc/arm-none-eabi/7.2.1/../../../../arm-none-eabi/lib/thumb/v7e-m/fpv4-sp/hard\libm.a(lib_a-e_fmod.o)
 .debug_frame   0x00000228       0x68 c:/progra~3/matlab/suppor~1/r2019b/3p778c~1.ins/gnuarm~1.ins/win/bin/../lib/gcc/arm-none-eabi/7.2.1/../../../../arm-none-eabi/lib/thumb/v7e-m/fpv4-sp/hard\libm.a(lib_a-e_pow.o)
 .debug_frame   0x00000290       0x44 c:/progra~3/matlab/suppor~1/r2019b/3p778c~1.ins/gnuarm~1.ins/win/bin/../lib/gcc/arm-none-eabi/7.2.1/../../../../arm-none-eabi/lib/thumb/v7e-m/fpv4-sp/hard\libm.a(lib_a-e_rem_pio2.o)
 .debug_frame   0x000002d4       0x30 c:/progra~3/matlab/suppor~1/r2019b/3p778c~1.ins/gnuarm~1.ins/win/bin/../lib/gcc/arm-none-eabi/7.2.1/../../../../arm-none-eabi/lib/thumb/v7e-m/fpv4-sp/hard\libm.a(lib_a-e_sqrt.o)
 .debug_frame   0x00000304       0x6c c:/progra~3/matlab/suppor~1/r2019b/3p778c~1.ins/gnuarm~1.ins/win/bin/../lib/gcc/arm-none-eabi/7.2.1/../../../../arm-none-eabi/lib/thumb/v7e-m/fpv4-sp/hard\libm.a(lib_a-k_cos.o)
 .debug_frame   0x00000370       0x58 c:/progra~3/matlab/suppor~1/r2019b/3p778c~1.ins/gnuarm~1.ins/win/bin/../lib/gcc/arm-none-eabi/7.2.1/../../../../arm-none-eabi/lib/thumb/v7e-m/fpv4-sp/hard\libm.a(lib_a-k_rem_pio2.o)
 .debug_frame   0x000003c8       0x68 c:/progra~3/matlab/suppor~1/r2019b/3p778c~1.ins/gnuarm~1.ins/win/bin/../lib/gcc/arm-none-eabi/7.2.1/../../../../arm-none-eabi/lib/thumb/v7e-m/fpv4-sp/hard\libm.a(lib_a-k_sin.o)
 .debug_frame   0x00000430       0x38 c:/progra~3/matlab/suppor~1/r2019b/3p778c~1.ins/gnuarm~1.ins/win/bin/../lib/gcc/arm-none-eabi/7.2.1/../../../../arm-none-eabi/lib/thumb/v7e-m/fpv4-sp/hard\libm.a(lib_a-s_atan.o)
 .debug_frame   0x00000468       0x20 c:/progra~3/matlab/suppor~1/r2019b/3p778c~1.ins/gnuarm~1.ins/win/bin/../lib/gcc/arm-none-eabi/7.2.1/../../../../arm-none-eabi/lib/thumb/v7e-m/fpv4-sp/hard\libm.a(lib_a-s_fabs.o)
 .debug_frame   0x00000488       0x20 c:/progra~3/matlab/suppor~1/r2019b/3p778c~1.ins/gnuarm~1.ins/win/bin/../lib/gcc/arm-none-eabi/7.2.1/../../../../arm-none-eabi/lib/thumb/v7e-m/fpv4-sp/hard\libm.a(lib_a-s_finite.o)
 .debug_frame   0x000004a8       0x20 c:/progra~3/matlab/suppor~1/r2019b/3p778c~1.ins/gnuarm~1.ins/win/bin/../lib/gcc/arm-none-eabi/7.2.1/../../../../arm-none-eabi/lib/thumb/v7e-m/fpv4-sp/hard\libm.a(lib_a-s_matherr.o)
 .debug_frame   0x000004c8       0x20 c:/progra~3/matlab/suppor~1/r2019b/3p778c~1.ins/gnuarm~1.ins/win/bin/../lib/gcc/arm-none-eabi/7.2.1/../../../../arm-none-eabi/lib/thumb/v7e-m/fpv4-sp/hard\libm.a(lib_a-s_nan.o)
 .debug_frame   0x000004e8       0x38 c:/progra~3/matlab/suppor~1/r2019b/3p778c~1.ins/gnuarm~1.ins/win/bin/../lib/gcc/arm-none-eabi/7.2.1/../../../../arm-none-eabi/lib/thumb/v7e-m/fpv4-sp/hard\libm.a(lib_a-s_rint.o)
 .debug_frame   0x00000520       0x2c c:/progra~3/matlab/suppor~1/r2019b/3p778c~1.ins/gnuarm~1.ins/win/bin/../lib/gcc/arm-none-eabi/7.2.1/../../../../arm-none-eabi/lib/thumb/v7e-m/fpv4-sp/hard\libm.a(lib_a-s_scalbn.o)
 .debug_frame   0x0000054c       0x20 c:/progra~3/matlab/suppor~1/r2019b/3p778c~1.ins/gnuarm~1.ins/win/bin/../lib/gcc/arm-none-eabi/7.2.1/../../../../arm-none-eabi/lib/thumb/v7e-m/fpv4-sp/hard\libm.a(lib_a-s_copysign.o)
 .debug_frame   0x0000056c       0xac c:/progra~3/matlab/suppor~1/r2019b/3p778c~1.ins/gnuarm~1.ins/win/bin/../lib/gcc/arm-none-eabi/7.2.1/thumb/v7e-m/fpv4-sp/hard\libgcc.a(_arm_addsubdf3.o)
 .debug_frame   0x00000618       0x50 c:/progra~3/matlab/suppor~1/r2019b/3p778c~1.ins/gnuarm~1.ins/win/bin/../lib/gcc/arm-none-eabi/7.2.1/thumb/v7e-m/fpv4-sp/hard\libgcc.a(_arm_muldivdf3.o)
 .debug_frame   0x00000668       0xc4 c:/progra~3/matlab/suppor~1/r2019b/3p778c~1.ins/gnuarm~1.ins/win/bin/../lib/gcc/arm-none-eabi/7.2.1/thumb/v7e-m/fpv4-sp/hard\libgcc.a(_arm_cmpdf2.o)
 .debug_frame   0x0000072c       0x20 c:/progra~3/matlab/suppor~1/r2019b/3p778c~1.ins/gnuarm~1.ins/win/bin/../lib/gcc/arm-none-eabi/7.2.1/thumb/v7e-m/fpv4-sp/hard\libgcc.a(_arm_unorddf2.o)
 .debug_frame   0x0000074c       0x24 c:/progra~3/matlab/suppor~1/r2019b/3p778c~1.ins/gnuarm~1.ins/win/bin/../lib/gcc/arm-none-eabi/7.2.1/thumb/v7e-m/fpv4-sp/hard\libgcc.a(_arm_fixdfsi.o)
 .debug_frame   0x00000770       0x24 c:/progra~3/matlab/suppor~1/r2019b/3p778c~1.ins/gnuarm~1.ins/win/bin/../lib/gcc/arm-none-eabi/7.2.1/thumb/v7e-m/fpv4-sp/hard\libgcc.a(_arm_fixunsdfsi.o)
 .debug_frame   0x00000794       0x24 c:/progra~3/matlab/suppor~1/r2019b/3p778c~1.ins/gnuarm~1.ins/win/bin/../lib/gcc/arm-none-eabi/7.2.1/thumb/v7e-m/fpv4-sp/hard\libgcc.a(_arm_truncdfsf2.o)
 .debug_frame   0x000007b8       0x20 c:/progra~3/matlab/suppor~1/r2019b/3p778c~1.ins/gnuarm~1.ins/win/bin/../lib/gcc/arm-none-eabi/7.2.1/../../../../arm-none-eabi/lib/thumb/v7e-m/fpv4-sp/hard\libc_nano.a(lib_a-errno.o)
 .debug_frame   0x000007d8       0x28 c:/progra~3/matlab/suppor~1/r2019b/3p778c~1.ins/gnuarm~1.ins/win/bin/../lib/gcc/arm-none-eabi/7.2.1/../../../../arm-none-eabi/lib/thumb/v7e-m/fpv4-sp/hard\libc_nano.a(lib_a-exit.o)
 .debug_frame   0x00000800       0x2c c:/progra~3/matlab/suppor~1/r2019b/3p778c~1.ins/gnuarm~1.ins/win/bin/../lib/gcc/arm-none-eabi/7.2.1/../../../../arm-none-eabi/lib/thumb/v7e-m/fpv4-sp/hard\libc_nano.a(lib_a-init.o)
 .debug_frame   0x0000082c       0x20 c:/progra~3/matlab/suppor~1/r2019b/3p778c~1.ins/gnuarm~1.ins/win/bin/../lib/gcc/arm-none-eabi/7.2.1/../../../../arm-none-eabi/lib/thumb/v7e-m/fpv4-sp/hard\libc_nano.a(lib_a-memset.o)
