Archive member included to satisfy reference by file (symbol)

C:/Users/Alessandro/Documents/GitHub/electronic-differential/validation/PIL_model/Accel_ert_rtw/coderassumptions/lib/Accel_ca.lib(Accel_ca.o)
                              coder_assumptions_app.o (CA_Accel_HWRes)
C:/Users/Alessandro/Documents/GitHub/electronic-differential/validation/PIL_model/Accel_ert_rtw/coderassumptions/lib/Accel_ca.lib(coder_assumptions_hwimpl.o)
                              C:/Users/Alessandro/Documents/GitHub/electronic-differential/validation/PIL_model/Accel_ert_rtw/coderassumptions/lib/Accel_ca.lib(Accel_ca.o) (caVerifyPortableWordSizes)
C:/Users/Alessandro/Documents/GitHub/electronic-differential/validation/PIL_model/Accel_ert_rtw/coderassumptions/lib/Accel_ca.lib(coder_assumptions_flt.o)
                              C:/Users/Alessandro/Documents/GitHub/electronic-differential/validation/PIL_model/Accel_ert_rtw/coderassumptions/lib/Accel_ca.lib(coder_assumptions_hwimpl.o) (denormalAsZero)
c:/progra~3/matlab/suppor~1/r2019b/3p778c~1.ins/gnuarm~1.ins/win/bin/../lib/gcc/arm-none-eabi/7.2.1/../../../../arm-none-eabi/lib/thumb/v7e-m/fpv4-sp/hard\libm.a(lib_a-s_cos.o)
                              ../Accel.o (cos)
c:/progra~3/matlab/suppor~1/r2019b/3p778c~1.ins/gnuarm~1.ins/win/bin/../lib/gcc/arm-none-eabi/7.2.1/../../../../arm-none-eabi/lib/thumb/v7e-m/fpv4-sp/hard\libm.a(lib_a-s_floor.o)
                              ../Accel.o (floor)
c:/progra~3/matlab/suppor~1/r2019b/3p778c~1.ins/gnuarm~1.ins/win/bin/../lib/gcc/arm-none-eabi/7.2.1/../../../../arm-none-eabi/lib/thumb/v7e-m/fpv4-sp/hard\libm.a(lib_a-s_sin.o)
                              ../Accel.o (sin)
c:/progra~3/matlab/suppor~1/r2019b/3p778c~1.ins/gnuarm~1.ins/win/bin/../lib/gcc/arm-none-eabi/7.2.1/../../../../arm-none-eabi/lib/thumb/v7e-m/fpv4-sp/hard\libm.a(lib_a-w_atan2.o)
                              ../Accel.o (atan2)
c:/progra~3/matlab/suppor~1/r2019b/3p778c~1.ins/gnuarm~1.ins/win/bin/../lib/gcc/arm-none-eabi/7.2.1/../../../../arm-none-eabi/lib/thumb/v7e-m/fpv4-sp/hard\libm.a(lib_a-w_fmod.o)
                              ../Accel.o (fmod)
c:/progra~3/matlab/suppor~1/r2019b/3p778c~1.ins/gnuarm~1.ins/win/bin/../lib/gcc/arm-none-eabi/7.2.1/../../../../arm-none-eabi/lib/thumb/v7e-m/fpv4-sp/hard\libm.a(lib_a-w_pow.o)
                              ../Accel.o (pow)
c:/progra~3/matlab/suppor~1/r2019b/3p778c~1.ins/gnuarm~1.ins/win/bin/../lib/gcc/arm-none-eabi/7.2.1/../../../../arm-none-eabi/lib/thumb/v7e-m/fpv4-sp/hard\libm.a(lib_a-w_sqrt.o)
                              ../Accel.o (sqrt)
c:/progra~3/matlab/suppor~1/r2019b/3p778c~1.ins/gnuarm~1.ins/win/bin/../lib/gcc/arm-none-eabi/7.2.1/../../../../arm-none-eabi/lib/thumb/v7e-m/fpv4-sp/hard\libm.a(lib_a-e_atan2.o)
                              c:/progra~3/matlab/suppor~1/r2019b/3p778c~1.ins/gnuarm~1.ins/win/bin/../lib/gcc/arm-none-eabi/7.2.1/../../../../arm-none-eabi/lib/thumb/v7e-m/fpv4-sp/hard\libm.a(lib_a-w_atan2.o) (__ieee754_atan2)
c:/progra~3/matlab/suppor~1/r2019b/3p778c~1.ins/gnuarm~1.ins/win/bin/../lib/gcc/arm-none-eabi/7.2.1/../../../../arm-none-eabi/lib/thumb/v7e-m/fpv4-sp/hard\libm.a(lib_a-e_fmod.o)
                              c:/progra~3/matlab/suppor~1/r2019b/3p778c~1.ins/gnuarm~1.ins/win/bin/../lib/gcc/arm-none-eabi/7.2.1/../../../../arm-none-eabi/lib/thumb/v7e-m/fpv4-sp/hard\libm.a(lib_a-w_fmod.o) (__ieee754_fmod)
c:/progra~3/matlab/suppor~1/r2019b/3p778c~1.ins/gnuarm~1.ins/win/bin/../lib/gcc/arm-none-eabi/7.2.1/../../../../arm-none-eabi/lib/thumb/v7e-m/fpv4-sp/hard\libm.a(lib_a-e_pow.o)
                              c:/progra~3/matlab/suppor~1/r2019b/3p778c~1.ins/gnuarm~1.ins/win/bin/../lib/gcc/arm-none-eabi/7.2.1/../../../../arm-none-eabi/lib/thumb/v7e-m/fpv4-sp/hard\libm.a(lib_a-w_pow.o) (__ieee754_pow)
c:/progra~3/matlab/suppor~1/r2019b/3p778c~1.ins/gnuarm~1.ins/win/bin/../lib/gcc/arm-none-eabi/7.2.1/../../../../arm-none-eabi/lib/thumb/v7e-m/fpv4-sp/hard\libm.a(lib_a-e_rem_pio2.o)
                              c:/progra~3/matlab/suppor~1/r2019b/3p778c~1.ins/gnuarm~1.ins/win/bin/../lib/gcc/arm-none-eabi/7.2.1/../../../../arm-none-eabi/lib/thumb/v7e-m/fpv4-sp/hard\libm.a(lib_a-s_cos.o) (__ieee754_rem_pio2)
c:/progra~3/matlab/suppor~1/r2019b/3p778c~1.ins/gnuarm~1.ins/win/bin/../lib/gcc/arm-none-eabi/7.2.1/../../../../arm-none-eabi/lib/thumb/v7e-m/fpv4-sp/hard\libm.a(lib_a-e_sqrt.o)
                              c:/progra~3/matlab/suppor~1/r2019b/3p778c~1.ins/gnuarm~1.ins/win/bin/../lib/gcc/arm-none-eabi/7.2.1/../../../../arm-none-eabi/lib/thumb/v7e-m/fpv4-sp/hard\libm.a(lib_a-w_sqrt.o) (__ieee754_sqrt)
c:/progra~3/matlab/suppor~1/r2019b/3p778c~1.ins/gnuarm~1.ins/win/bin/../lib/gcc/arm-none-eabi/7.2.1/../../../../arm-none-eabi/lib/thumb/v7e-m/fpv4-sp/hard\libm.a(lib_a-k_cos.o)
                              c:/progra~3/matlab/suppor~1/r2019b/3p778c~1.ins/gnuarm~1.ins/win/bin/../lib/gcc/arm-none-eabi/7.2.1/../../../../arm-none-eabi/lib/thumb/v7e-m/fpv4-sp/hard\libm.a(lib_a-s_cos.o) (__kernel_cos)
[...]
Memory Configuration

Name             Origin             Length             Attributes
FLASH            0x08000000         0x00100000         xr
SRAM             0x20000000         0x00020000         xrw
CCMRAM           0x10000000         0x00010000         rw
BACKUPRAM        0x40024000         0x00001000         rw
*default*        0x00000000         0xffffffff

Linker script and memory map

LOAD c:/progra~3/matlab/suppor~1/r2019b/3p778c~1.ins/gnuarm~1.ins/win/bin/../lib/gcc/arm-none-eabi/7.2.1/thumb/v7e-m/fpv4-sp/hard/crti.o
LOAD c:/progra~3/matlab/suppor~1/r2019b/3p778c~1.ins/gnuarm~1.ins/win/bin/../lib/gcc/arm-none-eabi/7.2.1/thumb/v7e-m/fpv4-sp/hard/crtbegin.o
LOAD c:/progra~3/matlab/suppor~1/r2019b/3p778c~1.ins/gnuarm~1.ins/win/bin/../lib/gcc/arm-none-eabi/7.2.1/../../../../arm-none-eabi/lib/thumb/v7e-m/fpv4-sp/hard/crt0.o
LOAD coder_assumptions_app.o
LOAD coder_assumptions_data_stream.o
LOAD coder_assumptions_rtiostream.o
LOAD misc.o
LOAD pil_main_stm32f4xx.o
LOAD rtiostream_serial_dma_stm32f4xx.o
LOAD rtiostream_utils.o
LOAD startup_stm32f4xx.o
LOAD stm32f4xx_dma.o
LOAD stm32f4xx_gpio.o
LOAD stm32f4xx_rcc.o
LOAD stm32f4xx_usart.o
LOAD syscalls_stm32f4xx.o
LOAD system_stm32f4xx.o
LOAD xil_data_stream.o
LOAD xil_interface.o
LOAD xil_interface_lib.o
LOAD xil_rtiostream.o
LOAD xil_services.o
LOAD xilcomms_rtiostream.o
LOAD ../Accel.o
LOAD ../Accel_data.o
LOAD ../rtGetInf.o
LOAD ../rtGetNaN.o
LOAD ../rt_nonfinite.o
LOAD C:/Users/Alessandro/Documents/GitHub/electronic-differential/validation/PIL_model/Accel_ert_rtw/coderassumptions/lib/Accel_ca.lib
LOAD C:/ProgramData/MATLAB/SupportPackages/R2019b/3P.instrset/cmsis.instrset/CMSIS/Lib/GCC/libarm_cortexM4lf_math.a
LOAD C:/ProgramData/MATLAB/SupportPackages/R2019b/3P.instrset/cmsis.instrset/CMSIS/RTOS/RTX/LIB/GCC/libRTX_CM4.a
LOAD c:/progra~3/matlab/suppor~1/r2019b/3p778c~1.ins/gnuarm~1.ins/win/bin/../lib/gcc/arm-none-eabi/7.2.1/../../../../arm-none-eabi/lib/thumb/v7e-m/fpv4-sp/hard\libstdc++_nano.a
LOAD c:/progra~3/matlab/suppor~1/r2019b/3p778c~1.ins/gnuarm~1.ins/win/bin/../lib/gcc/arm-none-eabi/7.2.1/../../../../arm-none-eabi/lib/thumb/v7e-m/fpv4-sp/hard\libm.a
START GROUP
LOAD c:/progra~3/matlab/suppor~1/r2019b/3p778c~1.ins/gnuarm~1.ins/win/bin/../lib/gcc/arm-none-eabi/7.2.1/thumb/v7e-m/fpv4-sp/hard\libgcc.a
LOAD c:/progra~3/matlab/suppor~1/r2019b/3p778c~1.ins/gnuarm~1.ins/win/bin/../lib/gcc/arm-none-eabi/7.2.1/../../../../arm-none-eabi/lib/thumb/v7e-m/fpv4-sp/hard\libc_nano.a
END GROUP
START GROUP
LOAD c:/progra~3/matlab/suppor~1/r2019b/3p778c~1.ins/gnuarm~1.ins/win/bin/../lib/gcc/arm-none-eabi/7.2.1/thumb/v7e-m/fpv4-sp/hard\libgcc.a
LOAD c:/progra~3/matlab/suppor~1/r2019b/3p778c~1.ins/gnuarm~1.ins/win/bin/../lib/gcc/arm-none-eabi/7.2.1/../../../../arm-none-eabi/lib/thumb/v7e-m/fpv4-sp/hard\libc_nano.a
END GROUP
LOAD c:/progra~3/matlab/suppor~1/r2019b/3p778c~1.ins/gnuarm~1.ins/win/bin/../lib/gcc/arm-none-eabi/7.2.1/thumb/v7e-m/fpv4-sp/hard/crtend.o
LOAD c:/progra~3/matlab/suppor~1/r2019b/3p778c~1.ins/gnuarm~1.ins/win/bin/../lib/gcc/arm-none-eabi/7.2.1/thumb/v7e-m/fpv4-sp/hard/crtn.o

.text           0x08000000     0xa9e4
 *(.vectors)
 .vectors       0x08000000      0x188 startup_stm32f4xx.o
                0x08000000                g_pfnVectors
 *(.text*)
 .text          0x08000188       0x40 c:/progra~3/matlab/suppor~1/r2019b/3p778c~1.ins/gnuarm~1.ins/win/bin/../lib/gcc/arm-none-eabi/7.2.1/thumb/v7e-m/fpv4-sp/hard/crtbegin.o
 .text          0x080001c8       0x74 c:/progra~3/matlab/suppor~1/r2019b/3p778c~1.ins/gnuarm~1.ins/win/bin/../lib/gcc/arm-none-eabi/7.2.1/../../../../arm-none-eabi/lib/thumb/v7e-m/fpv4-sp/hard/crt0.o
                0x080001c8                _start
                0x080001c8                _mainCRTStartup
 .text.sendResult
                0x0800023c       0xa8 coder_assumptions_app.o
 .text.transmitMemUnitBytes
                0x080002e4       0x3e coder_assumptions_app.o
 *fill*         0x08000322        0x2 
 .text.sendPWS  0x08000324       0xc8 coder_assumptions_app.o
 .text.sendHWImpl1
                0x080003ec      0x120 coder_assumptions_app.o
 .text.sendHWImpl2
                0x0800050c      0x120 coder_assumptions_app.o
 .text.sendHWImpl3
                0x0800062c       0xec coder_assumptions_app.o
 .text.sendHWImpl4
                0x08000718       0xec coder_assumptions_app.o
 .text.sendHardwareChecks
                0x08000804       0xf0 coder_assumptions_app.o
 .text.runChecks
                0x080008f4       0xb6 coder_assumptions_app.o
 .text.coderAssumptionsRun
                0x080009aa       0x18 coder_assumptions_app.o
                0x080009aa                coderAssumptionsRun
 *fill*         0x080009c2        0x2 
 .text.coderAssumptionsWriteData
                0x080009c4       0x6c coder_assumptions_data_stream.o
                0x080009c4                coderAssumptionsWriteData
 .text.resetCoderAssumptionsWriteBuffer
                0x08000a30       0x40 coder_assumptions_data_stream.o
                0x08000a30                resetCoderAssumptionsWriteBuffer
 .text.coderAssumptionsSendWriteBuffer
                0x08000a70       0x40 coder_assumptions_data_stream.o
                0x08000a70                coderAssumptionsSendWriteBuffer
 .text.coderAssumptionsInit
                0x08000ab0       0x20 coder_assumptions_data_stream.o
                0x08000ab0                coderAssumptionsInit
 .text.coderAssumpTgtAppSvcCreate
                0x08000ad0       0x10 coder_assumptions_rtiostream.o
                0x08000ad0                coderAssumpTgtAppSvcCreate
 .text.coderAssumpTgtAppSvcAllocBuffer
                0x08000ae0       0x24 coder_assumptions_rtiostream.o
                0x08000ae0                coderAssumpTgtAppSvcAllocBuffer
 .text.coderAssumpTgtAppSvcGetBufferDataPtr
                0x08000b04       0x1c coder_assumptions_rtiostream.o
                0x08000b04                coderAssumpTgtAppSvcGetBufferDataPtr
 .text.coderAssumpTgtAppSvcSend
                0x08000b20       0x24 coder_assumptions_rtiostream.o
                0x08000b20                coderAssumpTgtAppSvcSend
 .text.NVIC_Init
                0x08000b44       0xc4 misc.o
                0x08000b44                NVIC_Init
 .text.main     0x08000c08       0x62 pil_main_stm32f4xx.o
                0x08000c08                main
 *fill*         0x08000c6a        0x2 
 .text.rtIOStreamOpen
                0x08000c6c       0x70 rtiostream_serial_dma_stm32f4xx.o
                0x08000c6c                rtIOStreamOpen
 .text.rtIOStreamSend
                0x08000cdc       0x84 rtiostream_serial_dma_stm32f4xx.o
                0x08000cdc                rtIOStreamSend
 .text.DMA1_Stream6_IRQHandler
                0x08000d60       0x28 rtiostream_serial_dma_stm32f4xx.o
                0x08000d60                DMA1_Stream6_IRQHandler
 .text.rtIOStreamRecv
                0x08000d88       0x90 rtiostream_serial_dma_stm32f4xx.o
                0x08000d88                rtIOStreamRecv
 .text.DMA_RxInit
                0x08000e18       0xe8 rtiostream_serial_dma_stm32f4xx.o
 .text.DMA_TxInit
                0x08000f00       0xac rtiostream_serial_dma_stm32f4xx.o
 .text.UART_getRxBytes
                0x08000fac       0x50 rtiostream_serial_dma_stm32f4xx.o
 .text.DMA1_Stream5_IRQHandler
                0x08000ffc       0x28 rtiostream_serial_dma_stm32f4xx.o
                0x08000ffc                DMA1_Stream5_IRQHandler
 .text.USART2_init
                0x08001024       0xa0 rtiostream_serial_dma_stm32f4xx.o
 .text.rtIOStreamBlockingSend
                0x080010c4       0x64 rtiostream_utils.o
                0x080010c4                rtIOStreamBlockingSend
 .text.rtIOStreamBlockingRecv
                0x08001128       0x64 rtiostream_utils.o
                0x08001128                rtIOStreamBlockingRecv
 .text.Default_ResetHandler
                0x0800118c       0x60 startup_stm32f4xx.o
                0x0800118c                Reset_Handler
                0x0800118c                Default_ResetHandler
 .text.Default_Handler
                0x080011ec        0x6 startup_stm32f4xx.o
                0x080011ec                RTC_Alarm_IRQHandler
                0x080011ec                HASH_RNG_IRQHandler
                0x080011ec                EXTI2_IRQHandler
                0x080011ec                TIM8_CC_IRQHandler
                0x080011ec                DebugMon_Handler
                0x080011ec                TIM1_CC_IRQHandler
                0x080011ec                DMA2_Stream5_IRQHandler
                0x080011ec                HardFault_Handler
                0x080011ec                SysTick_Handler
                0x080011ec                PVD_IRQHandler
                0x080011ec                SDIO_IRQHandler
                0x080011ec                TAMP_STAMP_IRQHandler
                0x080011ec                PendSV_Handler
                0x080011ec                NMI_Handler
                0x080011ec                CAN2_RX1_IRQHandler
                0x080011ec                EXTI3_IRQHandler
                0x080011ec                TIM8_TRG_COM_TIM14_IRQHandler
                0x080011ec                TIM1_UP_TIM10_IRQHandler
                0x080011ec                TIM8_UP_TIM13_IRQHandler
                0x080011ec                I2C3_ER_IRQHandler
                0x080011ec                EXTI0_IRQHandler
                0x080011ec                I2C2_EV_IRQHandler
                0x080011ec                DMA1_Stream2_IRQHandler
                0x080011ec                CAN1_RX0_IRQHandler
                0x080011ec                FPU_IRQHandler
                0x080011ec                OTG_HS_WKUP_IRQHandler
                0x080011ec                UsageFault_Handler
                0x080011ec                CAN2_SCE_IRQHandler
                0x080011ec                DMA2_Stream2_IRQHandler
                0x080011ec                SPI1_IRQHandler
                0x080011ec                TIM6_DAC_IRQHandler
                0x080011ec                TIM1_BRK_TIM9_IRQHandler
                0x080011ec                DCMI_IRQHandler
                0x080011ec                CAN2_RX0_IRQHandler
                0x080011ec                DMA2_Stream3_IRQHandler
                0x080011ec                USART6_IRQHandler
                0x080011ec                USART3_IRQHandler
                0x080011ec                CRYP_IRQHandler
                0x080011ec                CAN1_RX1_IRQHandler
                0x080011ec                UART5_IRQHandler
                0x080011ec                DMA2_Stream0_IRQHandler
                0x080011ec                TIM4_IRQHandler
                0x080011ec                I2C1_EV_IRQHandler
                0x080011ec                DMA1_Stream1_IRQHandler
                0x080011ec                UART4_IRQHandler
                0x080011ec                TIM3_IRQHandler
                0x080011ec                RCC_IRQHandler
                0x080011ec                TIM8_BRK_TIM12_IRQHandler
                0x080011ec                EXTI15_10_IRQHandler
                0x080011ec                ADC_IRQHandler
                0x080011ec                DMA1_Stream7_IRQHandler
                0x080011ec                TIM7_IRQHandler
                0x080011ec                CAN2_TX_IRQHandler
                0x080011ec                TIM5_IRQHandler
                0x080011ec                DMA2_Stream7_IRQHandler
                0x080011ec                I2C3_EV_IRQHandler
                0x080011ec                EXTI9_5_IRQHandler
                0x080011ec                RTC_WKUP_IRQHandler
                0x080011ec                ETH_WKUP_IRQHandler
                0x080011ec                SPI2_IRQHandler
                0x080011ec                OTG_HS_EP1_IN_IRQHandler
                0x080011ec                MemManage_Handler
                0x080011ec                DMA1_Stream0_IRQHandler
                0x080011ec                CAN1_TX_IRQHandler
                0x080011ec                SVC_Handler
                0x080011ec                EXTI4_IRQHandler
                0x080011ec                FSMC_IRQHandler
                0x080011ec                ETH_IRQHandler
                0x080011ec                OTG_HS_EP1_OUT_IRQHandler
                0x080011ec                WWDG_IRQHandler
                0x080011ec                TIM2_IRQHandler
                0x080011ec                OTG_FS_WKUP_IRQHandler
                0x080011ec                TIM1_TRG_COM_TIM11_IRQHandler
                0x080011ec                OTG_HS_IRQHandler
                0x080011ec                EXTI1_IRQHandler
                0x080011ec                USART2_IRQHandler
                0x080011ec                I2C2_ER_IRQHandler
                0x080011ec                DMA2_Stream1_IRQHandler
                0x080011ec                CAN1_SCE_IRQHandler
                0x080011ec                FLASH_IRQHandler
                0x080011ec                DMA2_Stream4_IRQHandler
                0x080011ec                BusFault_Handler
                0x080011ec                USART1_IRQHandler
                0x080011ec                OTG_FS_IRQHandler
                0x080011ec                SPI3_IRQHandler
                0x080011ec                DMA1_Stream4_IRQHandler
                0x080011ec                I2C1_ER_IRQHandler
                0x080011ec                DMA2_Stream6_IRQHandler
                0x080011ec                DMA1_Stream3_IRQHandler
 *fill*         0x080011f2        0x2 
 .text.DMA_DeInit
                0x080011f4      0x1a8 stm32f4xx_dma.o
                0x080011f4                DMA_DeInit
 .text.DMA_Init
                0x0800139c       0xb0 stm32f4xx_dma.o
                0x0800139c                DMA_Init
 .text.DMA_Cmd  0x0800144c       0x38 stm32f4xx_dma.o
                0x0800144c                DMA_Cmd
 .text.DMA_GetCurrDataCounter
                0x08001484       0x1a stm32f4xx_dma.o
                0x08001484                DMA_GetCurrDataCounter
 .text.DMA_GetCmdStatus
                0x0800149e       0x30 stm32f4xx_dma.o
                0x0800149e                DMA_GetCmdStatus
 .text.DMA_ITConfig
                0x080014ce       0x74 stm32f4xx_dma.o
                0x080014ce                DMA_ITConfig
 *fill*         0x08001542        0x2 
 .text.DMA_GetITStatus
                0x08001544       0xb0 stm32f4xx_dma.o
                0x08001544                DMA_GetITStatus
 .text.DMA_ClearITPendingBit
                0x080015f4       0x5c stm32f4xx_dma.o
                0x080015f4                DMA_ClearITPendingBit
 .text.GPIO_Init
                0x08001650      0x11c stm32f4xx_gpio.o
                0x08001650                GPIO_Init
 .text.GPIO_StructInit
                0x0800176c       0x34 stm32f4xx_gpio.o
                0x0800176c                GPIO_StructInit
 .text.GPIO_PinAFConfig
                0x080017a0       0x92 stm32f4xx_gpio.o
                0x080017a0                GPIO_PinAFConfig
 *fill*         0x08001832        0x2 
 .text.RCC_GetClocksFreq
                0x08001834      0x150 stm32f4xx_rcc.o
                0x08001834                RCC_GetClocksFreq
 .text.RCC_AHB1PeriphClockCmd
                0x08001984       0x40 stm32f4xx_rcc.o
                0x08001984                RCC_AHB1PeriphClockCmd
 .text.RCC_APB1PeriphClockCmd
                0x080019c4       0x40 stm32f4xx_rcc.o
                0x080019c4                RCC_APB1PeriphClockCmd
 .text.USART_Init
                0x08001a04      0x174 stm32f4xx_usart.o
                0x08001a04                USART_Init
 .text.USART_StructInit
                0x08001b78       0x3a stm32f4xx_usart.o
                0x08001b78                USART_StructInit
 .text.USART_Cmd
                0x08001bb2       0x40 stm32f4xx_usart.o
                0x08001bb2                USART_Cmd
 .text.USART_DMACmd
                0x08001bf2       0x48 stm32f4xx_usart.o
                0x08001bf2                USART_DMACmd
 .text._exit    0x08001c3a        0xa syscalls_stm32f4xx.o
                0x08001c3a                _exit
 .text.SystemInit
                0x08001c44       0x6c system_stm32f4xx.o
                0x08001c44                SystemInit
 .text.SystemCoreClockUpdate
                0x08001cb0       0xf8 system_stm32f4xx.o
                0x08001cb0                SystemCoreClockUpdate
 .text.SetSysClock
                0x08001da8       0xf8 system_stm32f4xx.o
 .text.resetXILWriteBuffer
                0x08001ea0       0x60 xil_data_stream.o
                0x08001ea0                resetXILWriteBuffer
 .text.silpilInit
                0x08001f00       0x20 xil_data_stream.o
                0x08001f00                silpilInit
 .text.sendWriteBuffer
                0x08001f20       0x44 xil_data_stream.o
 .text.xilWriteData
                0x08001f64       0x9c xil_data_stream.o
                0x08001f64                xilWriteData
 .text.xilReadData
                0x08002000       0xac xil_data_stream.o
                0x08002000                xilReadData
 .text.xilDataFlush
                0x080020ac       0x40 xil_data_stream.o
                0x080020ac                xilDataFlush
 .text.xilProcessParams
                0x080020ec       0x20 xil_interface.o
                0x080020ec                xilProcessParams
 .text.xilGetDataTypeInfo
                0x0800210c       0x5c xil_interface.o
                0x0800210c                xilGetDataTypeInfo
 .text.xilInitialize
                0x08002168       0x26 xil_interface.o
                0x08002168                xilInitialize
 .text.xilPause
                0x0800218e       0x24 xil_interface.o
                0x0800218e                xilPause
 .text.xilSystemInitialize
                0x080021b2       0x24 xil_interface.o
                0x080021b2                xilSystemInitialize
 .text.xilSystemReset
                0x080021d6       0x24 xil_interface.o
                0x080021d6                xilSystemReset
 *fill*         0x080021fa        0x2 
 .text.xilGetHostToTargetData
                0x080021fc      0x6dc xil_interface.o
                0x080021fc                xilGetHostToTargetData
 .text.xilOutput
                0x080028d8       0x2e xil_interface.o
                0x080028d8                xilOutput
 .text.xilUpdate
                0x08002906       0x22 xil_interface.o
                0x08002906                xilUpdate
 .text.xilGetTargetToHostData
                0x08002928      0x10c xil_interface.o
                0x08002928                xilGetTargetToHostData
 .text.xilTerminate
                0x08002a34       0x20 xil_interface.o
                0x08002a34                xilTerminate
 .text.xilEnable
                0x08002a54       0x22 xil_interface.o
                0x08002a54                xilEnable
 .text.xilDisable
                0x08002a76       0x22 xil_interface.o
                0x08002a76                xilDisable
 .text.getNextXILIOData
                0x08002a98       0x28 xil_interface_lib.o
 .text.processHostToTargetData
                0x08002ac0       0xa4 xil_interface_lib.o
 .text.processTargetToHostData
                0x08002b64       0xa4 xil_interface_lib.o
 .text.finalizeCommandResponse
                0x08002c08       0x66 xil_interface_lib.o
 *fill*         0x08002c6e        0x2 
 .text.computeNextState
                0x08002c70      0x200 xil_interface_lib.o
 .text.xilReadCommandCode
                0x08002e70       0x88 xil_interface_lib.o
 .text.xilProcessMsg
                0x08002ef8      0x494 xil_interface_lib.o
                0x08002ef8                xilProcessMsg
 .text.commsRun
                0x0800338c       0x18 xil_interface_lib.o
                0x0800338c                commsRun
 .text.xilRun   0x080033a4       0x58 xil_interface_lib.o
                0x080033a4                xilRun
 .text.xilTgtAppSvcCreate
                0x080033fc       0x10 xil_rtiostream.o
                0x080033fc                xilTgtAppSvcCreate
 .text.xilTgtAppSvcAllocBuffer
                0x0800340c       0x24 xil_rtiostream.o
                0x0800340c                xilTgtAppSvcAllocBuffer
 .text.xilTgtAppSvcGetBufferDataPtr
                0x08003430       0x1c xil_rtiostream.o
                0x08003430                xilTgtAppSvcGetBufferDataPtr
 .text.xilTgtAppSvcSend
                0x0800344c       0x24 xil_rtiostream.o
                0x0800344c                xilTgtAppSvcSend
 .text.xilInit  0x08003470       0x44 xil_services.o
                0x08003470                xilInit
 .text.commsInit
                0x080034b4       0x34 xilcomms_rtiostream.o
                0x080034b4                commsInit
 .text.commsEnqueueBuffer
                0x080034e8       0x68 xilcomms_rtiostream.o
                0x080034e8                commsEnqueueBuffer
 .text.rtiostreamReadMessage
                0x08003550       0x7c xilcomms_rtiostream.o
                0x08003550                rtiostreamReadMessage
 .text.look1_binlcapw
                0x080035cc      0x196 ../Accel.o
                0x080035cc                look1_binlcapw
 *fill*         0x08003762        0x2 
 .text.rt_powd_snf
                0x08003764      0x238 ../Accel.o
                0x08003764                rt_powd_snf
 *fill*         0x0800399c        0x4 
 .text.rt_hypotd_snf
                0x080039a0      0x154 ../Accel.o
                0x080039a0                rt_hypotd_snf
 *fill*         0x08003af4        0x4 
 .text.rt_atan2d_snf
                0x08003af8      0x164 ../Accel.o
                0x08003af8                rt_atan2d_snf
 *fill*         0x08003c5c        0x4 
 .text.Accel_step
                0x08003c60     0x2614 ../Accel.o
                0x08003c60                Accel_step
 .text.Accel_initialize
                0x08006274       0x48 ../Accel.o
                0x08006274                Accel_initialize
 .text.Accel_terminate
                0x080062bc        0xe ../Accel.o
                0x080062bc                Accel_terminate
 *fill*         0x080062ca        0x2 
 .text.rtGetInf
                0x080062cc       0x60 ../rtGetInf.o
                0x080062cc                rtGetInf
 .text.rtGetInfF
                0x0800632c       0x20 ../rtGetInf.o
                0x0800632c                rtGetInfF
 .text.rtGetMinusInf
                0x0800634c       0x60 ../rtGetInf.o
                0x0800634c                rtGetMinusInf
 .text.rtGetMinusInfF
                0x080063ac       0x24 ../rtGetInf.o
                0x080063ac                rtGetMinusInfF
 .text.rtGetNaN
                0x080063d0       0x60 ../rtGetNaN.o
                0x080063d0                rtGetNaN
 .text.rtGetNaNF
                0x08006430       0x28 ../rtGetNaN.o
                0x08006430                rtGetNaNF
 .text.rt_InitInfAndNaN
                0x08006458       0x88 ../rt_nonfinite.o
                0x08006458                rt_InitInfAndNaN
 .text.rtIsInf  0x080064e0       0x50 ../rt_nonfinite.o
                0x080064e0                rtIsInf
 .text.rtIsNaN  0x08006530       0x6c ../rt_nonfinite.o
                0x08006530                rtIsNaN
 .text.rtIsNaNF
                0x0800659c       0x38 ../rt_nonfinite.o
                0x0800659c                rtIsNaNF
 .text.Accel_caRunTests
                0x080065d4       0x2c C:/Users/Alessandro/Documents/GitHub/electronic-differential/validation/PIL_model/Accel_ert_rtw/coderassumptions/lib/Accel_ca.lib(Accel_ca.o)
                0x080065d4                Accel_caRunTests
 .text.numBits  0x08006600       0x2e C:/Users/Alessandro/Documents/GitHub/electronic-differential/validation/PIL_model/Accel_ert_rtw/coderassumptions/lib/Accel_ca.lib(coder_assumptions_hwimpl.o)
 .text.getBitsPerMemUnit
                0x0800662e       0x20 C:/Users/Alessandro/Documents/GitHub/electronic-differential/validation/PIL_model/Accel_ert_rtw/coderassumptions/lib/Accel_ca.lib(coder_assumptions_hwimpl.o)
 .text.getCPUInfo
                0x0800664e      0x216 C:/Users/Alessandro/Documents/GitHub/electronic-differential/validation/PIL_model/Accel_ert_rtw/coderassumptions/lib/Accel_ca.lib(coder_assumptions_hwimpl.o)
 .text.testPass
                0x08006864       0x30 C:/Users/Alessandro/Documents/GitHub/electronic-differential/validation/PIL_model/Accel_ert_rtw/coderassumptions/lib/Accel_ca.lib(coder_assumptions_hwimpl.o)
 .text.testFail
                0x08006894       0x30 C:/Users/Alessandro/Documents/GitHub/electronic-differential/validation/PIL_model/Accel_ert_rtw/coderassumptions/lib/Accel_ca.lib(coder_assumptions_hwimpl.o)
 .text.testWarn
                0x080068c4       0x30 C:/Users/Alessandro/Documents/GitHub/electronic-differential/validation/PIL_model/Accel_ert_rtw/coderassumptions/lib/Accel_ca.lib(coder_assumptions_hwimpl.o)
 .text.testSkip
                0x080068f4       0x30 C:/Users/Alessandro/Documents/GitHub/electronic-differential/validation/PIL_model/Accel_ert_rtw/coderassumptions/lib/Accel_ca.lib(coder_assumptions_hwimpl.o)
 .text.testReview
                0x08006924       0x30 C:/Users/Alessandro/Documents/GitHub/electronic-differential/validation/PIL_model/Accel_ert_rtw/coderassumptions/lib/Accel_ca.lib(coder_assumptions_hwimpl.o)
 .text.runTest  0x08006954       0x42 C:/Users/Alessandro/Documents/GitHub/electronic-differential/validation/PIL_model/Accel_ert_rtw/coderassumptions/lib/Accel_ca.lib(coder_assumptions_hwimpl.o)
 .text.caVerifyPortableWordSizes
                0x08006996       0x58 C:/Users/Alessandro/Documents/GitHub/electronic-differential/validation/PIL_model/Accel_ert_rtw/coderassumptions/lib/Accel_ca.lib(coder_assumptions_hwimpl.o)
                0x08006996                caVerifyPortableWordSizes
 *fill*         0x080069ee        0x2 
 .text.caVerifyHWImpl
                0x080069f0      0x464 C:/Users/Alessandro/Documents/GitHub/electronic-differential/validation/PIL_model/Accel_ert_rtw/coderassumptions/lib/Accel_ca.lib(coder_assumptions_hwimpl.o)
                0x080069f0                caVerifyHWImpl
 *fill*         0x08006e54        0x4 
 .text.cos      0x08006e58       0xc0 c:/progra~3/matlab/suppor~1/r2019b/3p778c~1.ins/gnuarm~1.ins/win/bin/../lib/gcc/arm-none-eabi/7.2.1/../../../../arm-none-eabi/lib/thumb/v7e-m/fpv4-sp/hard\libm.a(lib_a-s_cos.o)
                0x08006e58                cos
 .text.floor    0x08006f18      0x110 c:/progra~3/matlab/suppor~1/r2019b/3p778c~1.ins/gnuarm~1.ins/win/bin/../lib/gcc/arm-none-eabi/7.2.1/../../../../arm-none-eabi/lib/thumb/v7e-m/fpv4-sp/hard\libm.a(lib_a-s_floor.o)
                0x08006f18                floor
 .text.sin      0x08007028       0xc0 c:/progra~3/matlab/suppor~1/r2019b/3p778c~1.ins/gnuarm~1.ins/win/bin/../lib/gcc/arm-none-eabi/7.2.1/../../../../arm-none-eabi/lib/thumb/v7e-m/fpv4-sp/hard\libm.a(lib_a-s_sin.o)
                0x08007028                sin
 .text.atan2    0x080070e8        0x4 c:/progra~3/matlab/suppor~1/r2019b/3p778c~1.ins/gnuarm~1.ins/win/bin/../lib/gcc/arm-none-eabi/7.2.1/../../../../arm-none-eabi/lib/thumb/v7e-m/fpv4-sp/hard\libm.a(lib_a-w_atan2.o)
                0x080070e8                atan2
 .text.fmod     0x080070ec       0xd0 c:/progra~3/matlab/suppor~1/r2019b/3p778c~1.ins/gnuarm~1.ins/win/bin/../lib/gcc/arm-none-eabi/7.2.1/../../../../arm-none-eabi/lib/thumb/v7e-m/fpv4-sp/hard\libm.a(lib_a-w_fmod.o)
                0x080070ec                fmod
 *fill*         0x080071bc        0x4 
 .text.pow      0x080071c0      0x338 c:/progra~3/matlab/suppor~1/r2019b/3p778c~1.ins/gnuarm~1.ins/win/bin/../lib/gcc/arm-none-eabi/7.2.1/../../../../arm-none-eabi/lib/thumb/v7e-m/fpv4-sp/hard\libm.a(lib_a-w_pow.o)
                0x080071c0                pow
 .text.sqrt     0x080074f8       0xb8 c:/progra~3/matlab/suppor~1/r2019b/3p778c~1.ins/gnuarm~1.ins/win/bin/../lib/gcc/arm-none-eabi/7.2.1/../../../../arm-none-eabi/lib/thumb/v7e-m/fpv4-sp/hard\libm.a(lib_a-w_sqrt.o)
                0x080074f8                sqrt
 .text.__ieee754_atan2
                0x080075b0      0x1c4 c:/progra~3/matlab/suppor~1/r2019b/3p778c~1.ins/gnuarm~1.ins/win/bin/../lib/gcc/arm-none-eabi/7.2.1/../../../../arm-none-eabi/lib/thumb/v7e-m/fpv4-sp/hard\libm.a(lib_a-e_atan2.o)
                0x080075b0                __ieee754_atan2
 .text.__ieee754_fmod
                0x08007774      0x248 c:/progra~3/matlab/suppor~1/r2019b/3p778c~1.ins/gnuarm~1.ins/win/bin/../lib/gcc/arm-none-eabi/7.2.1/../../../../arm-none-eabi/lib/thumb/v7e-m/fpv4-sp/hard\libm.a(lib_a-e_fmod.o)
                0x08007774                __ieee754_fmod
 *fill*         0x080079bc        0x4 
 .text.__ieee754_pow
                0x080079c0      0xab8 c:/progra~3/matlab/suppor~1/r2019b/3p778c~1.ins/gnuarm~1.ins/win/bin/../lib/gcc/arm-none-eabi/7.2.1/../../../../arm-none-eabi/lib/thumb/v7e-m/fpv4-sp/hard\libm.a(lib_a-e_pow.o)
                0x080079c0                __ieee754_pow
 .text.__ieee754_rem_pio2
                0x08008478      0x454 c:/progra~3/matlab/suppor~1/r2019b/3p778c~1.ins/gnuarm~1.ins/win/bin/../lib/gcc/arm-none-eabi/7.2.1/../../../../arm-none-eabi/lib/thumb/v7e-m/fpv4-sp/hard\libm.a(lib_a-e_rem_pio2.o)
                0x08008478                __ieee754_rem_pio2
 .text.__ieee754_sqrt
                0x080088cc      0x194 c:/progra~3/matlab/suppor~1/r2019b/3p778c~1.ins/gnuarm~1.ins/win/bin/../lib/gcc/arm-none-eabi/7.2.1/../../../../arm-none-eabi/lib/thumb/v7e-m/fpv4-sp/hard\libm.a(lib_a-e_sqrt.o)
                0x080088cc                __ieee754_sqrt
 .text.__kernel_cos
                0x08008a60      0x284 c:/progra~3/matlab/suppor~1/r2019b/3p778c~1.ins/gnuarm~1.ins/win/bin/../lib/gcc/arm-none-eabi/7.2.1/../../../../arm-none-eabi/lib/thumb/v7e-m/fpv4-sp/hard\libm.a(lib_a-k_cos.o)
                0x08008a60                __kernel_cos
 *fill*         0x08008ce4        0x4 
 .text.__kernel_rem_pio2
                0x08008ce8      0x818 c:/progra~3/matlab/suppor~1/r2019b/3p778c~1.ins/gnuarm~1.ins/win/bin/../lib/gcc/arm-none-eabi/7.2.1/../../../../arm-none-eabi/lib/thumb/v7e-m/fpv4-sp/hard\libm.a(lib_a-k_rem_pio2.o)
                0x08008ce8                __kernel_rem_pio2
 .text.__kernel_sin
                0x08009500      0x194 c:/progra~3/matlab/suppor~1/r2019b/3p778c~1.ins/gnuarm~1.ins/win/bin/../lib/gcc/arm-none-eabi/7.2.1/../../../../arm-none-eabi/lib/thumb/v7e-m/fpv4-sp/hard\libm.a(lib_a-k_sin.o)
                0x08009500                __kernel_sin
 *fill*         0x08009694        0x4 
 .text.atan     0x08009698      0x358 c:/progra~3/matlab/suppor~1/r2019b/3p778c~1.ins/gnuarm~1.ins/win/bin/../lib/gcc/arm-none-eabi/7.2.1/../../../../arm-none-eabi/lib/thumb/v7e-m/fpv4-sp/hard\libm.a(lib_a-s_atan.o)
                0x08009698                atan
 .text.fabs     0x080099f0       0x14 c:/progra~3/matlab/suppor~1/r2019b/3p778c~1.ins/gnuarm~1.ins/win/bin/../lib/gcc/arm-none-eabi/7.2.1/../../../../arm-none-eabi/lib/thumb/v7e-m/fpv4-sp/hard\libm.a(lib_a-s_fabs.o)
                0x080099f0                fabs
 .text.finite   0x08009a04       0x10 c:/progra~3/matlab/suppor~1/r2019b/3p778c~1.ins/gnuarm~1.ins/win/bin/../lib/gcc/arm-none-eabi/7.2.1/../../../../arm-none-eabi/lib/thumb/v7e-m/fpv4-sp/hard\libm.a(lib_a-s_finite.o)
                0x08009a04                finite
 .text.matherr  0x08009a14        0x4 c:/progra~3/matlab/suppor~1/r2019b/3p778c~1.ins/gnuarm~1.ins/win/bin/../lib/gcc/arm-none-eabi/7.2.1/../../../../arm-none-eabi/lib/thumb/v7e-m/fpv4-sp/hard\libm.a(lib_a-s_matherr.o)
                0x08009a14                matherr
 .text.nan      0x08009a18       0x10 c:/progra~3/matlab/suppor~1/r2019b/3p778c~1.ins/gnuarm~1.ins/win/bin/../lib/gcc/arm-none-eabi/7.2.1/../../../../arm-none-eabi/lib/thumb/v7e-m/fpv4-sp/hard\libm.a(lib_a-s_nan.o)
                0x08009a18                nan
 .text.rint     0x08009a28      0x110 c:/progra~3/matlab/suppor~1/r2019b/3p778c~1.ins/gnuarm~1.ins/win/bin/../lib/gcc/arm-none-eabi/7.2.1/../../../../arm-none-eabi/lib/thumb/v7e-m/fpv4-sp/hard\libm.a(lib_a-s_rint.o)
                0x08009a28                rint
 .text.scalbn   0x08009b38      0x114 c:/progra~3/matlab/suppor~1/r2019b/3p778c~1.ins/gnuarm~1.ins/win/bin/../lib/gcc/arm-none-eabi/7.2.1/../../../../arm-none-eabi/lib/thumb/v7e-m/fpv4-sp/hard\libm.a(lib_a-s_scalbn.o)
                0x08009b38                scalbn
 .text.copysign
                0x08009c4c       0x1c c:/progra~3/matlab/suppor~1/r2019b/3p778c~1.ins/gnuarm~1.ins/win/bin/../lib/gcc/arm-none-eabi/7.2.1/../../../../arm-none-eabi/lib/thumb/v7e-m/fpv4-sp/hard\libm.a(lib_a-s_copysign.o)
                0x08009c4c                copysign
 .text          0x08009c68      0x378 c:/progra~3/matlab/suppor~1/r2019b/3p778c~1.ins/gnuarm~1.ins/win/bin/../lib/gcc/arm-none-eabi/7.2.1/thumb/v7e-m/fpv4-sp/hard\libgcc.a(_arm_addsubdf3.o)
                0x08009c68                __aeabi_drsub
                0x08009c70                __aeabi_dsub
                0x08009c70                __subdf3
                0x08009c74                __aeabi_dadd
                0x08009c74                __adddf3
                0x08009eec                __floatunsidf
                0x08009eec                __aeabi_ui2d
                0x08009f0c                __floatsidf
                0x08009f0c                __aeabi_i2d
                0x08009f30                __aeabi_f2d
                0x08009f30                __extendsfdf2
                0x08009f74                __floatundidf
                0x08009f74                __aeabi_ul2d
                0x08009f84                __floatdidf
                0x08009f84                __aeabi_l2d
 .text          0x08009fe0      0x424 c:/progra~3/matlab/suppor~1/r2019b/3p778c~1.ins/gnuarm~1.ins/win/bin/../lib/gcc/arm-none-eabi/7.2.1/thumb/v7e-m/fpv4-sp/hard\libgcc.a(_arm_muldivdf3.o)
                0x08009fe0                __aeabi_dmul
                0x08009fe0                __muldf3
                0x0800a234                __divdf3
                0x0800a234                __aeabi_ddiv
 .text          0x0800a404      0x110 c:/progra~3/matlab/suppor~1/r2019b/3p778c~1.ins/gnuarm~1.ins/win/bin/../lib/gcc/arm-none-eabi/7.2.1/thumb/v7e-m/fpv4-sp/hard\libgcc.a(_arm_cmpdf2.o)
                0x0800a404                __gtdf2
                0x0800a404                __gedf2
                0x0800a40c                __ltdf2
                0x0800a40c                __ledf2
                0x0800a414                __nedf2
                0x0800a414                __eqdf2
                0x0800a414                __cmpdf2
                0x0800a490                __aeabi_cdrcmple
                0x0800a4a0                __aeabi_cdcmpeq
                0x0800a4a0                __aeabi_cdcmple
                0x0800a4b0                __aeabi_dcmpeq
                0x0800a4c4                __aeabi_dcmplt
                0x0800a4d8                __aeabi_dcmple
                0x0800a4ec                __aeabi_dcmpge
                0x0800a500                __aeabi_dcmpgt
 .text          0x0800a514       0x2c c:/progra~3/matlab/suppor~1/r2019b/3p778c~1.ins/gnuarm~1.ins/win/bin/../lib/gcc/arm-none-eabi/7.2.1/thumb/v7e-m/fpv4-sp/hard\libgcc.a(_arm_unorddf2.o)
                0x0800a514                __unorddf2
                0x0800a514                __aeabi_dcmpun
 .text          0x0800a540       0x50 c:/progra~3/matlab/suppor~1/r2019b/3p778c~1.ins/gnuarm~1.ins/win/bin/../lib/gcc/arm-none-eabi/7.2.1/thumb/v7e-m/fpv4-sp/hard\libgcc.a(_arm_fixdfsi.o)
                0x0800a540                __aeabi_d2iz
                0x0800a540                __fixdfsi
 .text          0x0800a590       0x40 c:/progra~3/matlab/suppor~1/r2019b/3p778c~1.ins/gnuarm~1.ins/win/bin/../lib/gcc/arm-none-eabi/7.2.1/thumb/v7e-m/fpv4-sp/hard\libgcc.a(_arm_fixunsdfsi.o)
                0x0800a590                __aeabi_d2uiz
                0x0800a590                __fixunsdfsi
 .text          0x0800a5d0       0xa0 c:/progra~3/matlab/suppor~1/r2019b/3p778c~1.ins/gnuarm~1.ins/win/bin/../lib/gcc/arm-none-eabi/7.2.1/thumb/v7e-m/fpv4-sp/hard\libgcc.a(_arm_truncdfsf2.o)
                0x0800a5d0                __truncdfsf2
                0x0800a5d0                __aeabi_d2f
 .text.__errno  0x0800a670        0xc c:/progra~3/matlab/suppor~1/r2019b/3p778c~1.ins/gnuarm~1.ins/win/bin/../lib/gcc/arm-none-eabi/7.2.1/../../../../arm-none-eabi/lib/thumb/v7e-m/fpv4-sp/hard\libc_nano.a(lib_a-errno.o)
                0x0800a670                __errno
 .text.exit     0x0800a67c       0x28 c:/progra~3/matlab/suppor~1/r2019b/3p778c~1.ins/gnuarm~1.ins/win/bin/../lib/gcc/arm-none-eabi/7.2.1/../../../../arm-none-eabi/lib/thumb/v7e-m/fpv4-sp/hard\libc_nano.a(lib_a-exit.o)
                0x0800a67c                exit
 .text.__libc_init_array
                0x0800a6a4       0x48 c:/progra~3/matlab/suppor~1/r2019b/3p778c~1.ins/gnuarm~1.ins/win/bin/../lib/gcc/arm-none-eabi/7.2.1/../../../../arm-none-eabi/lib/thumb/v7e-m/fpv4-sp/hard\libc_nano.a(lib_a-init.o)
                0x0800a6a4                __libc_init_array
 .text.memcpy   0x0800a6ec       0x16 c:/progra~3/matlab/suppor~1/r2019b/3p778c~1.ins/gnuarm~1.ins/win/bin/../lib/gcc/arm-none-eabi/7.2.1/../../../../arm-none-eabi/lib/thumb/v7e-m/fpv4-sp/hard\libc_nano.a(lib_a-memcpy-stub.o)
                0x0800a6ec                memcpy
 .text.memset   0x0800a702       0x10 c:/progra~3/matlab/suppor~1/r2019b/3p778c~1.ins/gnuarm~1.ins/win/bin/../lib/gcc/arm-none-eabi/7.2.1/../../../../arm-none-eabi/lib/thumb/v7e-m/fpv4-sp/hard\libc_nano.a(lib_a-memset.o)
                0x0800a702                memset
 *(.init)
 *fill*         0x0800a712        0x2 
 .init          0x0800a714        0x4 c:/progra~3/matlab/suppor~1/r2019b/3p778c~1.ins/gnuarm~1.ins/win/bin/../lib/gcc/arm-none-eabi/7.2.1/thumb/v7e-m/fpv4-sp/hard/crti.o
                0x0800a714                _init
 .init          0x0800a718        0x8 c:/progra~3/matlab/suppor~1/r2019b/3p778c~1.ins/gnuarm~1.ins/win/bin/../lib/gcc/arm-none-eabi/7.2.1/thumb/v7e-m/fpv4-sp/hard/crtn.o
 *(.fini)
 .fini          0x0800a720        0x4 c:/progra~3/matlab/suppor~1/r2019b/3p778c~1.ins/gnuarm~1.ins/win/bin/../lib/gcc/arm-none-eabi/7.2.1/thumb/v7e-m/fpv4-sp/hard/crti.o
                0x0800a720                _fini
 .fini          0x0800a724        0x8 c:/progra~3/matlab/suppor~1/r2019b/3p778c~1.ins/gnuarm~1.ins/win/bin/../lib/gcc/arm-none-eabi/7.2.1/thumb/v7e-m/fpv4-sp/hard/crtn.o
 *crtbegin.o(.ctors)
 *crtbegin?.o(.ctors)
 *(EXCLUDE_FILE(*crtend.o *crtend?.o) .ctors)
 *(SORT_BY_NAME(.ctors.*))
 *(.ctors)
 *crtbegin.o(.dtors)
 *crtbegin?.o(.dtors)
 *(EXCLUDE_FILE(*crtend.o *crtend?.o) .dtors)
 *(SORT_BY_NAME(.dtors.*))
 *(.dtors)
 *(.rodata*)
 .rodata        0x0800a72c       0x1b C:/Users/Alessandro/Documents/GitHub/electronic-differential/validation/PIL_model/Accel_ert_rtw/coderassumptions/lib/Accel_ca.lib(Accel_ca.o)
 *fill*         0x0800a747        0x1 
 .rodata.CA_Accel_ExpHW
                0x0800a748       0x48 C:/Users/Alessandro/Documents/GitHub/electronic-differential/validation/PIL_model/Accel_ert_rtw/coderassumptions/lib/Accel_ca.lib(Accel_ca.o)
                0x0800a748                CA_Accel_ExpHW
 .rodata.fmod.str1.4
                0x0800a790        0x5 c:/progra~3/matlab/suppor~1/r2019b/3p778c~1.ins/gnuarm~1.ins/win/bin/../lib/gcc/arm-none-eabi/7.2.1/../../../../arm-none-eabi/lib/thumb/v7e-m/fpv4-sp/hard\libm.a(lib_a-w_fmod.o)
 *fill*         0x0800a795        0x3 
 .rodata.pow.str1.4
                0x0800a798        0x4 c:/progra~3/matlab/suppor~1/r2019b/3p778c~1.ins/gnuarm~1.ins/win/bin/../lib/gcc/arm-none-eabi/7.2.1/../../../../arm-none-eabi/lib/thumb/v7e-m/fpv4-sp/hard\libm.a(lib_a-w_pow.o)
 .rodata.sqrt.str1.4
                0x0800a79c        0x5 c:/progra~3/matlab/suppor~1/r2019b/3p778c~1.ins/gnuarm~1.ins/win/bin/../lib/gcc/arm-none-eabi/7.2.1/../../../../arm-none-eabi/lib/thumb/v7e-m/fpv4-sp/hard\libm.a(lib_a-w_sqrt.o)
 *fill*         0x0800a7a1        0x7 
 .rodata.Zero   0x0800a7a8       0x10 c:/progra~3/matlab/suppor~1/r2019b/3p778c~1.ins/gnuarm~1.ins/win/bin/../lib/gcc/arm-none-eabi/7.2.1/../../../../arm-none-eabi/lib/thumb/v7e-m/fpv4-sp/hard\libm.a(lib_a-e_fmod.o)
 .rodata.__ieee754_pow.str1.4
                0x0800a7b8        0x8 c:/progra~3/matlab/suppor~1/r2019b/3p778c~1.ins/gnuarm~1.ins/win/bin/../lib/gcc/arm-none-eabi/7.2.1/../../../../arm-none-eabi/lib/thumb/v7e-m/fpv4-sp/hard\libm.a(lib_a-e_pow.o)
                                  0x1 (size before relaxing)
 .rodata.npio2_hw
                0x0800a7b8       0x80 c:/progra~3/matlab/suppor~1/r2019b/3p778c~1.ins/gnuarm~1.ins/win/bin/../lib/gcc/arm-none-eabi/7.2.1/../../../../arm-none-eabi/lib/thumb/v7e-m/fpv4-sp/hard\libm.a(lib_a-e_rem_pio2.o)
 .rodata.two_over_pi
                0x0800a838      0x108 c:/progra~3/matlab/suppor~1/r2019b/3p778c~1.ins/gnuarm~1.ins/win/bin/../lib/gcc/arm-none-eabi/7.2.1/../../../../arm-none-eabi/lib/thumb/v7e-m/fpv4-sp/hard\libm.a(lib_a-e_rem_pio2.o)
 .rodata.PIo2   0x0800a940       0x40 c:/progra~3/matlab/suppor~1/r2019b/3p778c~1.ins/gnuarm~1.ins/win/bin/../lib/gcc/arm-none-eabi/7.2.1/../../../../arm-none-eabi/lib/thumb/v7e-m/fpv4-sp/hard\libm.a(lib_a-k_rem_pio2.o)
 .rodata.init_jk
                0x0800a980       0x10 c:/progra~3/matlab/suppor~1/r2019b/3p778c~1.ins/gnuarm~1.ins/win/bin/../lib/gcc/arm-none-eabi/7.2.1/../../../../arm-none-eabi/lib/thumb/v7e-m/fpv4-sp/hard\libm.a(lib_a-k_rem_pio2.o)
 .rodata.atanhi
                0x0800a990       0x20 c:/progra~3/matlab/suppor~1/r2019b/3p778c~1.ins/gnuarm~1.ins/win/bin/../lib/gcc/arm-none-eabi/7.2.1/../../../../arm-none-eabi/lib/thumb/v7e-m/fpv4-sp/hard\libm.a(lib_a-s_atan.o)
 .rodata.atanlo
                0x0800a9b0       0x20 c:/progra~3/matlab/suppor~1/r2019b/3p778c~1.ins/gnuarm~1.ins/win/bin/../lib/gcc/arm-none-eabi/7.2.1/../../../../arm-none-eabi/lib/thumb/v7e-m/fpv4-sp/hard\libm.a(lib_a-s_atan.o)
 .rodata.TWO52  0x0800a9d0       0x10 c:/progra~3/matlab/suppor~1/r2019b/3p778c~1.ins/gnuarm~1.ins/win/bin/../lib/gcc/arm-none-eabi/7.2.1/../../../../arm-none-eabi/lib/thumb/v7e-m/fpv4-sp/hard\libm.a(lib_a-s_rint.o)
 .rodata._global_impure_ptr
                0x0800a9e0        0x4 c:/progra~3/matlab/suppor~1/r2019b/3p778c~1.ins/gnuarm~1.ins/win/bin/../lib/gcc/arm-none-eabi/7.2.1/../../../../arm-none-eabi/lib/thumb/v7e-m/fpv4-sp/hard\libc_nano.a(lib_a-impure.o)
                0x0800a9e0                _global_impure_ptr
 *(.eh_fram e*)

.eh_frame       0x0800a9e4        0x0
 .eh_frame      0x0800a9e4        0x0 c:/progra~3/matlab/suppor~1/r2019b/3p778c~1.ins/gnuarm~1.ins/win/bin/../lib/gcc/arm-none-eabi/7.2.1/thumb/v7e-m/fpv4-sp/hard/crtbegin.o

.glue_7         0x0800a9e4        0x0
 .glue_7        0x0800a9e4        0x0 linker stubs

.glue_7t        0x0800a9e4        0x0
 .glue_7t       0x0800a9e4        0x0 linker stubs

.vfp11_veneer   0x0800a9e4        0x0
 .vfp11_veneer  0x0800a9e4        0x0 linker stubs

.v4_bx          0x0800a9e4        0x0
 .v4_bx         0x0800a9e4        0x0 linker stubs

.iplt           0x0800a9e4        0x0
 .iplt          0x0800a9e4        0x0 c:/progra~3/matlab/suppor~1/r2019b/3p778c~1.ins/gnuarm~1.ins/win/bin/../lib/gcc/arm-none-eabi/7.2.1/thumb/v7e-m/fpv4-sp/hard/crtbegin.o

.ARM.extab
 *(.ARM.extab* .gnu.linkonce.armextab.*)
                0x0800a9e4                __exidx_start = .

.ARM.exidx      0x0800a9e4        0x8
 *(.ARM.exidx* .gnu.linkonce.armexidx.*)
 .ARM.exidx     0x0800a9e4        0x8 c:/progra~3/matlab/suppor~1/r2019b/3p778c~1.ins/gnuarm~1.ins/win/bin/../lib/gcc/arm-none-eabi/7.2.1/../../../../arm-none-eabi/lib/thumb/v7e-m/fpv4-sp/hard/crt0.o
                0x0800a9ec                __exidx_end = .

.rel.dyn        0x0800a9ec        0x0
 .rel.iplt      0x0800a9ec        0x0 c:/progra~3/matlab/suppor~1/r2019b/3p778c~1.ins/gnuarm~1.ins/win/bin/../lib/gcc/arm-none-eabi/7.2.1/thumb/v7e-m/fpv4-sp/hard/crtbegin.o
                0x0800a9ec                . = ALIGN (0x4)
                0x0800a9ec                _etext = .
                0x0800a9ec                _sidata = .

.data           0x20000000      0x4f0 load address 0x0800a9ec
                0x20000000                __data_start__ = .
                0x20000000                _sdata = __data_start__
 *(vtable)
 *(.data*)
 .data.APBAHBPrescTable
                0x20000000       0x10 stm32f4xx_rcc.o
 .data.SystemCoreClock
                0x20000010        0x4 system_stm32f4xx.o
                0x20000010                SystemCoreClock
 .data.AHBPrescTable
                0x20000014       0x10 system_stm32f4xx.o
                0x20000014                AHBPrescTable
 .data.processMsgSuccess
                0x20000024        0x4 xil_interface_lib.o
 .data.Accel_P  0x20000028      0x448 ../Accel_data.o
                0x20000028                Accel_P
 .data.realmin  0x20000470        0x8 C:/Users/Alessandro/Documents/GitHub/electronic-differential/validation/PIL_model/Accel_ert_rtw/coderassumptions/lib/Accel_ca.lib(coder_assumptions_hwimpl.o)
 .data.denormalAsZero
                0x20000478        0x8 C:/Users/Alessandro/Documents/GitHub/electronic-differential/validation/PIL_model/Accel_ert_rtw/coderassumptions/lib/Accel_ca.lib(coder_assumptions_flt.o)
                0x20000478                denormalAsZero
 .data.__fdlib_version
                0x20000480        0x1 c:/progra~3/matlab/suppor~1/r2019b/3p778c~1.ins/gnuarm~1.ins/win/bin/../lib/gcc/arm-none-eabi/7.2.1/../../../../arm-none-eabi/lib/thumb/v7e-m/fpv4-sp/hard\libm.a(lib_a-s_lib_ver.o)
                0x20000480                __fdlib_version
 *fill*         0x20000481        0x3 
 .data._impure_ptr
                0x20000484        0x4 c:/progra~3/matlab/suppor~1/r2019b/3p778c~1.ins/gnuarm~1.ins/win/bin/../lib/gcc/arm-none-eabi/7.2.1/../../../../arm-none-eabi/lib/thumb/v7e-m/fpv4-sp/hard\libc_nano.a(lib_a-impure.o)
                0x20000484                _impure_ptr
 .data.impure_data
                0x20000488       0x60 c:/progra~3/matlab/suppor~1/r2019b/3p778c~1.ins/gnuarm~1.ins/win/bin/../lib/gcc/arm-none-eabi/7.2.1/../../../../arm-none-eabi/lib/thumb/v7e-m/fpv4-sp/hard\libc_nano.a(lib_a-impure.o)
                0x200004e8                . = ALIGN (0x4)
                0x200004e8                PROVIDE (__preinit_array_start, .)
 *(.preinit_array)
                0x200004e8                PROVIDE (__preinit_array_end, .)
                0x200004e8                . = ALIGN (0x4)
                0x200004e8                PROVIDE (__init_array_start, .)
 *(SORT_BY_NAME(.init_array.*))
 *(.init_array)
 .init_array    0x200004e8        0x4 c:/progra~3/matlab/suppor~1/r2019b/3p778c~1.ins/gnuarm~1.ins/win/bin/../lib/gcc/arm-none-eabi/7.2.1/thumb/v7e-m/fpv4-sp/hard/crtbegin.o
                0x200004ec                PROVIDE (__init_array_end, .)
                0x200004ec                . = ALIGN (0x4)
                [!provide]                PROVIDE (__fini_array_start, .)
 *(SORT_BY_NAME(.fini_array.*))
 *(.fini_array)
 .fini_array    0x200004ec        0x4 c:/progra~3/matlab/suppor~1/r2019b/3p778c~1.ins/gnuarm~1.ins/win/bin/../lib/gcc/arm-none-eabi/7.2.1/thumb/v7e-m/fpv4-sp/hard/crtbegin.o
                [!provide]                PROVIDE (__fini_array_end, .)
 *(.jcr*)
                0x200004f0                . = ALIGN (0x4)
                0x200004f0                __data_end__ = .
                0x200004f0                _edata = __data_end__

.igot.plt       0x200004f0        0x0 load address 0x0800aedc
 .igot.plt      0x200004f0        0x0 c:/progra~3/matlab/suppor~1/r2019b/3p778c~1.ins/gnuarm~1.ins/win/bin/../lib/gcc/arm-none-eabi/7.2.1/thumb/v7e-m/fpv4-sp/hard/crtbegin.o

.bss            0x200004f0     0x10f8 load address 0x0800aee0
                0x200004f0                . = ALIGN (0x4)
                0x200004f0                _sbss = .
                0x200004f0                __bss_start__ = _sbss
 *(.bss .bss.*)
 .bss           0x200004f0       0x1c c:/progra~3/matlab/suppor~1/r2019b/3p778c~1.ins/gnuarm~1.ins/win/bin/../lib/gcc/arm-none-eabi/7.2.1/thumb/v7e-m/fpv4-sp/hard/crtbegin.o
 .bss.pwsEnabled
                0x2000050c        0x1 coder_assumptions_app.o
 *fill*         0x2000050d        0x3 
 .bss.pBuffer   0x20000510        0x4 coder_assumptions_data_stream.o
 .bss.coderAssumptionsWriteDataPtr
                0x20000514        0x4 coder_assumptions_data_stream.o
 .bss.coderAssumptionsWriteDataAvail
                0x20000518        0x2 coder_assumptions_data_stream.o
 *fill*         0x2000051a        0x2 
 .bss.coderAssumpWriteBuffer
                0x2000051c       0x20 coder_assumptions_rtiostream.o
 .bss.MW_USART_ERRNO
                0x2000053c        0x4 rtiostream_serial_dma_stm32f4xx.o
                0x2000053c                MW_USART_ERRNO
 .bss.UART_rxBuffer
                0x20000540      0x800 rtiostream_serial_dma_stm32f4xx.o
 .bss.UART_txBuffer
                0x20000d40      0x400 rtiostream_serial_dma_stm32f4xx.o
 .bss.UART_Rx   0x20001140        0x8 rtiostream_serial_dma_stm32f4xx.o
 .bss.UART_Tx   0x20001148       0x48 rtiostream_serial_dma_stm32f4xx.o
 .bss.pBuffer   0x20001190        0x4 xil_data_stream.o
 .bss.xilWriteBuffer
                0x20001194        0x4 xil_data_stream.o
 .bss.xilWriteDataPtr
                0x20001198        0x4 xil_data_stream.o
 .bss.xilWriteDataAvail
                0x2000119c        0x2 xil_data_stream.o
 *fill*         0x2000119e        0x2 
 .bss.commandResponseType
                0x200011a0        0x4 xil_data_stream.o
 .bss.currentBufSize.9678
                0x200011a4        0x2 xil_data_stream.o
 *fill*         0x200011a6        0x2 
 .bss.currentBufferPosition.9677
                0x200011a8        0x4 xil_data_stream.o
 .bss.xil_fcnid0_task1_output_u
                0x200011ac       0x38 xil_interface.o
 .bss.xil_fcnid0_task1_y
                0x200011e4       0x10 xil_interface.o
 .bss.xil_fcnid0_init_y
                0x200011f4       0x10 xil_interface.o
 .bss.xil_fcnid0_ws_params
                0x20001204      0x108 xil_interface.o
 .bss.initComplete.10298
                0x2000130c        0x4 xil_interface.o
 .bss.initComplete.10334
                0x20001310        0x4 xil_interface.o
 .bss.initComplete.10362
                0x20001314        0x4 xil_interface.o
 .bss.initComplete.10367
                0x20001318        0x4 xil_interface.o
 .bss.xilIODataPtr
                0x2000131c        0x4 xil_interface_lib.o
 .bss.isShutdownCommand
                0x20001320        0x4 xil_interface_lib.o
 .bss.serverFcnId
                0x20001324        0x4 xil_interface_lib.o
 .bss.cc        0x20001328        0xc xil_interface_lib.o
 .bss.uDataAddress.9708
                0x20001334        0x4 xil_interface_lib.o
 .bss.uDataLength.9709
                0x20001338        0x4 xil_interface_lib.o
 .bss.xilWriteBuffer
                0x2000133c       0x80 xil_rtiostream.o
 .bss.streamID  0x200013bc        0x4 xilcomms_rtiostream.o
 .bss.xilCommsBuffer
                0x200013c0       0x80 xilcomms_rtiostream.o
 *(COMMON)
 COMMON         0x20001440      0x110 ../Accel.o
                0x20001440                Accel_DW
                0x20001460                Accel_B
                0x200014c8                Accel_M_
                0x200014d0                Accel_U
                0x20001530                Accel_Y
 COMMON         0x20001550       0x24 ../rt_nonfinite.o
                0x20001550                rtNaNF
                0x20001554                rtInfF
                0x20001558                rtInf
                0x20001560                rtNaN
                0x20001568                rtMinusInf
                0x20001570                rtMinusInfF
 COMMON         0x20001574       0x6e C:/Users/Alessandro/Documents/GitHub/electronic-differential/validation/PIL_model/Accel_ert_rtw/coderassumptions/lib/Accel_ca.lib(Accel_ca.o)
                0x20001574                CA_Accel_ActHW
                0x200015bc                CA_Accel_PWSRes
                0x200015c0                CA_Accel_HWRes
 *fill*         0x200015e2        0x2 
 COMMON         0x200015e4        0x4 C:/Users/Alessandro/Documents/GitHub/electronic-differential/validation/PIL_model/Accel_ert_rtw/coderassumptions/lib/Accel_ca.lib(coder_assumptions_hwimpl.o)
                0x200015e4                aGlobalInt
                0x200015e8                . = ALIGN (0x4)
                0x200015e8                _ebss = .
                0x200015e8                __bss_end__ = _ebss

.co_stack       0x10000000     0x2040
                0x10000000                . = ALIGN (0x8)
                0x10000000                __stack_end__ = .
 *(.co_stack .co_stack.*)
 .co_stack      0x10000000     0x2040 startup_stm32f4xx.o
                0x10000000                pulStack
                0x10002040                __stack_start__ = .
                0x10002040                . = ALIGN (0x8)
                0x10002040                _end_ccmram = .
                0x10002040                PROVIDE (_sheap, _end_ccmram)
                0x10010000                PROVIDE (_eheap, ALIGN ((ORIGIN (CCMRAM) + LENGTH (CCMRAM)), 0x8))
                0x10002040                PROVIDE (__stack, __stack_start__)
OUTPUT(./Accel.elf elf32-littlearm)

.ARM.attributes
                0x00000000       0x30
 .ARM.attributes
                0x00000000       0x22 c:/progra~3/matlab/suppor~1/r2019b/3p778c~1.ins/gnuarm~1.ins/win/bin/../lib/gcc/arm-none-eabi/7.2.1/thumb/v7e-m/fpv4-sp/hard/crti.o
 .ARM.attributes
                0x00000022       0x34 c:/progra~3/matlab/suppor~1/r2019b/3p778c~1.ins/gnuarm~1.ins/win/bin/../lib/gcc/arm-none-eabi/7.2.1/thumb/v7e-m/fpv4-sp/hard/crtbegin.o
 .ARM.attributes
                0x00000056       0x20 c:/progra~3/matlab/suppor~1/r2019b/3p778c~1.ins/gnuarm~1.ins/win/bin/../lib/gcc/arm-none-eabi/7.2.1/../../../../arm-none-eabi/lib/thumb/v7e-m/fpv4-sp/hard/crt0.o
 .ARM.attributes
                0x00000076       0x39 coder_assumptions_app.o
 .ARM.attributes
                0x000000af       0x39 coder_assumptions_data_stream.o
 .ARM.attributes
                0x000000e8       0x39 coder_assumptions_rtiostream.o
 .ARM.attributes
                0x00000121       0x39 misc.o
 .ARM.attributes
                0x0000015a       0x39 pil_main_stm32f4xx.o
 .ARM.attributes
                0x00000193       0x39 rtiostream_serial_dma_stm32f4xx.o
 .ARM.attributes
                0x000001cc       0x39 rtiostream_utils.o
 .ARM.attributes
                0x00000205       0x39 startup_stm32f4xx.o
 .ARM.attributes
                0x0000023e       0x39 stm32f4xx_dma.o
 .ARM.attributes
                0x00000277       0x39 stm32f4xx_gpio.o
 .ARM.attributes
                0x000002b0       0x39 stm32f4xx_rcc.o
 .ARM.attributes
                0x000002e9       0x39 stm32f4xx_usart.o
 .ARM.attributes
                0x00000322       0x39 syscalls_stm32f4xx.o
 .ARM.attributes
                0x0000035b       0x39 system_stm32f4xx.o
 .ARM.attributes
                0x00000394       0x39 xil_data_stream.o
 .ARM.attributes
                0x000003cd       0x39 xil_interface.o
 .ARM.attributes
                0x00000406       0x39 xil_interface_lib.o
 .ARM.attributes
                0x0000043f       0x39 xil_rtiostream.o
 .ARM.attributes
                0x00000478       0x39 xil_services.o
 .ARM.attributes
                0x000004b1       0x39 xilcomms_rtiostream.o
 .ARM.attributes
                0x000004ea       0x39 ../Accel.o
 .ARM.attributes
                0x00000523       0x39 ../Accel_data.o
 .ARM.attributes
                0x0000055c       0x39 ../rtGetInf.o
 .ARM.attributes
                0x00000595       0x39 ../rtGetNaN.o
 .ARM.attributes
                0x000005ce       0x39 ../rt_nonfinite.o
 .ARM.attributes
                0x00000607       0x39 C:/Users/Alessandro/Documents/GitHub/electronic-differential/validation/PIL_model/Accel_ert_rtw/coderassumptions/lib/Accel_ca.lib(Accel_ca.o)
 .ARM.attributes
                0x00000640       0x39 C:/Users/Alessandro/Documents/GitHub/electronic-differential/validation/PIL_model/Accel_ert_rtw/coderassumptions/lib/Accel_ca.lib(coder_assumptions_hwimpl.o)
 .ARM.attributes
                0x00000679       0x39 C:/Users/Alessandro/Documents/GitHub/electronic-differential/validation/PIL_model/Accel_ert_rtw/coderassumptions/lib/Accel_ca.lib(coder_assumptions_flt.o)
 .ARM.attributes
                0x000006b2       0x34 c:/progra~3/matlab/suppor~1/r2019b/3p778c~1.ins/gnuarm~1.ins/win/bin/../lib/gcc/arm-none-eabi/7.2.1/../../../../arm-none-eabi/lib/thumb/v7e-m/fpv4-sp/hard\libm.a(lib_a-s_cos.o)
 .ARM.attributes
                0x000006e6       0x34 c:/progra~3/matlab/suppor~1/r2019b/3p778c~1.ins/gnuarm~1.ins/win/bin/../lib/gcc/arm-none-eabi/7.2.1/../../../../arm-none-eabi/lib/thumb/v7e-m/fpv4-sp/hard\libm.a(lib_a-s_floor.o)
 .ARM.attributes
                0x0000071a       0x34 c:/progra~3/matlab/suppor~1/r2019b/3p778c~1.ins/gnuarm~1.ins/win/bin/../lib/gcc/arm-none-eabi/7.2.1/../../../../arm-none-eabi/lib/thumb/v7e-m/fpv4-sp/hard\libm.a(lib_a-s_sin.o)
 .ARM.attributes
                0x0000074e       0x34 c:/progra~3/matlab/suppor~1/r2019b/3p778c~1.ins/gnuarm~1.ins/win/bin/../lib/gcc/arm-none-eabi/7.2.1/../../../../arm-none-eabi/lib/thumb/v7e-m/fpv4-sp/hard\libm.a(lib_a-w_atan2.o)
 .ARM.attributes
                0x00000782       0x34 c:/progra~3/matlab/suppor~1/r2019b/3p778c~1.ins/gnuarm~1.ins/win/bin/../lib/gcc/arm-none-eabi/7.2.1/../../../../arm-none-eabi/lib/thumb/v7e-m/fpv4-sp/hard\libm.a(lib_a-w_fmod.o)
 .ARM.attributes
                0x000007b6       0x34 c:/progra~3/matlab/suppor~1/r2019b/3p778c~1.ins/gnuarm~1.ins/win/bin/../lib/gcc/arm-none-eabi/7.2.1/../../../../arm-none-eabi/lib/thumb/v7e-m/fpv4-sp/hard\libm.a(lib_a-w_pow.o)
 .ARM.attributes
                0x000007ea       0x34 c:/progra~3/matlab/suppor~1/r2019b/3p778c~1.ins/gnuarm~1.ins/win/bin/../lib/gcc/arm-none-eabi/7.2.1/../../../../arm-none-eabi/lib/thumb/v7e-m/fpv4-sp/hard\libm.a(lib_a-w_sqrt.o)
 .ARM.attributes
                0x0000081e       0x34 c:/progra~3/matlab/suppor~1/r2019b/3p778c~1.ins/gnuarm~1.ins/win/bin/../lib/gcc/arm-none-eabi/7.2.1/../../../../arm-none-eabi/lib/thumb/v7e-m/fpv4-sp/hard\libm.a(lib_a-e_atan2.o)
 .ARM.attributes
                0x00000852       0x34 c:/progra~3/matlab/suppor~1/r2019b/3p778c~1.ins/gnuarm~1.ins/win/bin/../lib/gcc/arm-none-eabi/7.2.1/../../../../arm-none-eabi/lib/thumb/v7e-m/fpv4-sp/hard\libm.a(lib_a-e_fmod.o)
 .ARM.attributes
                0x00000886       0x34 c:/progra~3/matlab/suppor~1/r2019b/3p778c~1.ins/gnuarm~1.ins/win/bin/../lib/gcc/arm-none-eabi/7.2.1/../../../../arm-none-eabi/lib/thumb/v7e-m/fpv4-sp/hard\libm.a(lib_a-e_pow.o)
 .ARM.attributes
                0x000008ba       0x34 c:/progra~3/matlab/suppor~1/r2019b/3p778c~1.ins/gnuarm~1.ins/win/bin/../lib/gcc/arm-none-eabi/7.2.1/../../../../arm-none-eabi/lib/thumb/v7e-m/fpv4-sp/hard\libm.a(lib_a-e_rem_pio2.o)
 .ARM.attributes
                0x000008ee       0x34 c:/progra~3/matlab/suppor~1/r2019b/3p778c~1.ins/gnuarm~1.ins/win/bin/../lib/gcc/arm-none-eabi/7.2.1/../../../../arm-none-eabi/lib/thumb/v7e-m/fpv4-sp/hard\libm.a(lib_a-e_sqrt.o)
 .ARM.attributes
                0x00000922       0x34 c:/progra~3/matlab/suppor~1/r2019b/3p778c~1.ins/gnuarm~1.ins/win/bin/../lib/gcc/arm-none-eabi/7.2.1/../../../../arm-none-eabi/lib/thumb/v7e-m/fpv4-sp/hard\libm.a(lib_a-k_cos.o)
 .ARM.attributes
                0x00000956       0x34 c:/progra~3/matlab/suppor~1/r2019b/3p778c~1.ins/gnuarm~1.ins/win/bin/../lib/gcc/arm-none-eabi/7.2.1/../../../../arm-none-eabi/lib/thumb/v7e-m/fpv4-sp/hard\libm.a(lib_a-k_rem_pio2.o)
 .ARM.attributes
                0x0000098a       0x34 c:/progra~3/matlab/suppor~1/r2019b/3p778c~1.ins/gnuarm~1.ins/win/bin/../lib/gcc/arm-none-eabi/7.2.1/../../../../arm-none-eabi/lib/thumb/v7e-m/fpv4-sp/hard\libm.a(lib_a-k_sin.o)
 .ARM.attributes
                0x000009be       0x34 c:/progra~3/matlab/suppor~1/r2019b/3p778c~1.ins/gnuarm~1.ins/win/bin/../lib/gcc/arm-none-eabi/7.2.1/../../../../arm-none-eabi/lib/thumb/v7e-m/fpv4-sp/hard\libm.a(lib_a-s_atan.o)
 .ARM.attributes
                0x000009f2       0x34 c:/progra~3/matlab/suppor~1/r2019b/3p778c~1.ins/gnuarm~1.ins/win/bin/../lib/gcc/arm-none-eabi/7.2.1/../../../../arm-none-eabi/lib/thumb/v7e-m/fpv4-sp/hard\libm.a(lib_a-s_fabs.o)
 .ARM.attributes
                0x00000a26       0x34 c:/progra~3/matlab/suppor~1/r2019b/3p778c~1.ins/gnuarm~1.ins/win/bin/../lib/gcc/arm-none-eabi/7.2.1/../../../../arm-none-eabi/lib/thumb/v7e-m/fpv4-sp/hard\libm.a(lib_a-s_finite.o)
 .ARM.attributes
                0x00000a5a       0x34 c:/progra~3/matlab/suppor~1/r2019b/3p778c~1.ins/gnuarm~1.ins/win/bin/../lib/gcc/arm-none-eabi/7.2.1/../../../../arm-none-eabi/lib/thumb/v7e-m/fpv4-sp/hard\libm.a(lib_a-s_lib_ver.o)
 .ARM.attributes
                0x00000a8e       0x34 c:/progra~3/matlab/suppor~1/r2019b/3p778c~1.ins/gnuarm~1.ins/win/bin/../lib/gcc/arm-none-eabi/7.2.1/../../../../arm-none-eabi/lib/thumb/v7e-m/fpv4-sp/hard\libm.a(lib_a-s_matherr.o)
 .ARM.attributes
                0x00000ac2       0x34 c:/progra~3/matlab/suppor~1/r2019b/3p778c~1.ins/gnuarm~1.ins/win/bin/../lib/gcc/arm-none-eabi/7.2.1/../../../../arm-none-eabi/lib/thumb/v7e-m/fpv4-sp/hard\libm.a(lib_a-s_nan.o)
 .ARM.attributes
                0x00000af6       0x34 c:/progra~3/matlab/suppor~1/r2019b/3p778c~1.ins/gnuarm~1.ins/win/bin/../lib/gcc/arm-none-eabi/7.2.1/../../../../arm-none-eabi/lib/thumb/v7e-m/fpv4-sp/hard\libm.a(lib_a-s_rint.o)
 .ARM.attributes
                0x00000b2a       0x34 c:/progra~3/matlab/suppor~1/r2019b/3p778c~1.ins/gnuarm~1.ins/win/bin/../lib/gcc/arm-none-eabi/7.2.1/../../../../arm-none-eabi/lib/thumb/v7e-m/fpv4-sp/hard\libm.a(lib_a-s_scalbn.o)
 .ARM.attributes
                0x00000b5e       0x34 c:/progra~3/matlab/suppor~1/r2019b/3p778c~1.ins/gnuarm~1.ins/win/bin/../lib/gcc/arm-none-eabi/7.2.1/../../../../arm-none-eabi/lib/thumb/v7e-m/fpv4-sp/hard\libm.a(lib_a-s_copysign.o)
 .ARM.attributes
                0x00000b92       0x22 c:/progra~3/matlab/suppor~1/r2019b/3p778c~1.ins/gnuarm~1.ins/win/bin/../lib/gcc/arm-none-eabi/7.2.1/thumb/v7e-m/fpv4-sp/hard\libgcc.a(_arm_addsubdf3.o)
 .ARM.attributes
                0x00000bb4       0x22 c:/progra~3/matlab/suppor~1/r2019b/3p778c~1.ins/gnuarm~1.ins/win/bin/../lib/gcc/arm-none-eabi/7.2.1/thumb/v7e-m/fpv4-sp/hard\libgcc.a(_arm_muldivdf3.o)
 .ARM.attributes
                0x00000bd6       0x22 c:/progra~3/matlab/suppor~1/r2019b/3p778c~1.ins/gnuarm~1.ins/win/bin/../lib/gcc/arm-none-eabi/7.2.1/thumb/v7e-m/fpv4-sp/hard\libgcc.a(_arm_cmpdf2.o)
 .ARM.attributes
                0x00000bf8       0x22 c:/progra~3/matlab/suppor~1/r2019b/3p778c~1.ins/gnuarm~1.ins/win/bin/../lib/gcc/arm-none-eabi/7.2.1/thumb/v7e-m/fpv4-sp/hard\libgcc.a(_arm_unorddf2.o)
 .ARM.attributes
                0x00000c1a       0x22 c:/progra~3/matlab/suppor~1/r2019b/3p778c~1.ins/gnuarm~1.ins/win/bin/../lib/gcc/arm-none-eabi/7.2.1/thumb/v7e-m/fpv4-sp/hard\libgcc.a(_arm_fixdfsi.o)
 .ARM.attributes
                0x00000c3c       0x22 c:/progra~3/matlab/suppor~1/r2019b/3p778c~1.ins/gnuarm~1.ins/win/bin/../lib/gcc/arm-none-eabi/7.2.1/thumb/v7e-m/fpv4-sp/hard\libgcc.a(_arm_fixunsdfsi.o)
 .ARM.attributes
                0x00000c5e       0x22 c:/progra~3/matlab/suppor~1/r2019b/3p778c~1.ins/gnuarm~1.ins/win/bin/../lib/gcc/arm-none-eabi/7.2.1/thumb/v7e-m/fpv4-sp/hard\libgcc.a(_arm_truncdfsf2.o)
 .ARM.attributes
                0x00000c80       0x34 c:/progra~3/matlab/suppor~1/r2019b/3p778c~1.ins/gnuarm~1.ins/win/bin/../lib/gcc/arm-none-eabi/7.2.1/../../../../arm-none-eabi/lib/thumb/v7e-m/fpv4-sp/hard\libc_nano.a(lib_a-errno.o)
 .ARM.attributes
                0x00000cb4       0x34 c:/progra~3/matlab/suppor~1/r2019b/3p778c~1.ins/gnuarm~1.ins/win/bin/../lib/gcc/arm-none-eabi/7.2.1/../../../../arm-none-eabi/lib/thumb/v7e-m/fpv4-sp/hard\libc_nano.a(lib_a-exit.o)
 .ARM.attributes
                0x00000ce8       0x34 c:/progra~3/matlab/suppor~1/r2019b/3p778c~1.ins/gnuarm~1.ins/win/bin/../lib/gcc/arm-none-eabi/7.2.1/../../../../arm-none-eabi/lib/thumb/v7e-m/fpv4-sp/hard\libc_nano.a(lib_a-impure.o)
 .ARM.attributes
                0x00000d1c       0x34 c:/progra~3/matlab/suppor~1/r2019b/3p778c~1.ins/gnuarm~1.ins/win/bin/../lib/gcc/arm-none-eabi/7.2.1/../../../../arm-none-eabi/lib/thumb/v7e-m/fpv4-sp/hard\libc_nano.a(lib_a-init.o)
 .ARM.attributes
                0x00000d50       0x34 c:/progra~3/matlab/suppor~1/r2019b/3p778c~1.ins/gnuarm~1.ins/win/bin/../lib/gcc/arm-none-eabi/7.2.1/../../../../arm-none-eabi/lib/thumb/v7e-m/fpv4-sp/hard\libc_nano.a(lib_a-memcpy-stub.o)
 .ARM.attributes
                0x00000d84       0x34 c:/progra~3/matlab/suppor~1/r2019b/3p778c~1.ins/gnuarm~1.ins/win/bin/../lib/gcc/arm-none-eabi/7.2.1/../../../../arm-none-eabi/lib/thumb/v7e-m/fpv4-sp/hard\libc_nano.a(lib_a-memset.o)
 .ARM.attributes
                0x00000db8       0x22 c:/progra~3/matlab/suppor~1/r2019b/3p778c~1.ins/gnuarm~1.ins/win/bin/../lib/gcc/arm-none-eabi/7.2.1/thumb/v7e-m/fpv4-sp/hard/crtn.o

.comment        0x00000000       0x7e
 .comment       0x00000000       0x7e coder_assumptions_app.o
                                 0x7f (size before relaxing)
 .comment       0x0000007e       0x7f coder_assumptions_data_stream.o
 .comment       0x0000007e       0x7f coder_assumptions_rtiostream.o
 .comment       0x0000007e       0x7f misc.o
 .comment       0x0000007e       0x7f pil_main_stm32f4xx.o
 .comment       0x0000007e       0x7f rtiostream_serial_dma_stm32f4xx.o
 .comment       0x0000007e       0x7f rtiostream_utils.o
 .comment       0x0000007e       0x7f startup_stm32f4xx.o
 .comment       0x0000007e       0x7f stm32f4xx_dma.o
 .comment       0x0000007e       0x7f stm32f4xx_gpio.o
 .comment       0x0000007e       0x7f stm32f4xx_rcc.o
 .comment       0x0000007e       0x7f stm32f4xx_usart.o
 .comment       0x0000007e       0x7f syscalls_stm32f4xx.o
 .comment       0x0000007e       0x7f system_stm32f4xx.o
 .comment       0x0000007e       0x7f xil_data_stream.o
 .comment       0x0000007e       0x7f xil_interface.o
 .comment       0x0000007e       0x7f xil_interface_lib.o
 .comment       0x0000007e       0x7f xil_rtiostream.o
 .comment       0x0000007e       0x7f xil_services.o
 .comment       0x0000007e       0x7f xilcomms_rtiostream.o
 .comment       0x0000007e       0x7f ../Accel.o
 .comment       0x0000007e       0x7f ../Accel_data.o
 .comment       0x0000007e       0x7f ../rtGetInf.o
 .comment       0x0000007e       0x7f ../rtGetNaN.o
 .comment       0x0000007e       0x7f ../rt_nonfinite.o
 .comment       0x0000007e       0x7f C:/Users/Alessandro/Documents/GitHub/electronic-differential/validation/PIL_model/Accel_ert_rtw/coderassumptions/lib/Accel_ca.lib(Accel_ca.o)
 .comment       0x0000007e       0x7f C:/Users/Alessandro/Documents/GitHub/electronic-differential/validation/PIL_model/Accel_ert_rtw/coderassumptions/lib/Accel_ca.lib(coder_assumptions_hwimpl.o)
 .comment       0x0000007e       0x7f C:/Users/Alessandro/Documents/GitHub/electronic-differential/validation/PIL_model/Accel_ert_rtw/coderassumptions/lib/Accel_ca.lib(coder_assumptions_flt.o)

.debug_frame    0x00000000      0x874
 .debug_frame   0x00000000       0x3c c:/progra~3/matlab/suppor~1/r2019b/3p778c~1.ins/gnuarm~1.ins/win/bin/../lib/gcc/arm-none-eabi/7.2.1/../../../../arm-none-eabi/lib/thumb/v7e-m/fpv4-sp/hard\libm.a(lib_a-s_cos.o)
 .debug_frame   0x0000003c       0x30 c:/progra~3/matlab/suppor~1/r2019b/3p778c~1.ins/gnuarm~1.ins/win/bin/../lib/gcc/arm-none-eabi/7.2.1/../../../../arm-none-eabi/lib/thumb/v7e-m/fpv4-sp/hard\libm.a(lib_a-s_floor.o)
 .debug_frame   0x0000006c       0x3c c:/progra~3/matlab/suppor~1/r2019b/3p778c~1.ins/gnuarm~1.ins/win/bin/../lib/gcc/arm-none-eabi/7.2.1/../../../../arm-none-eabi/lib/thumb/v7e-m/fpv4-sp/hard\libm.a(lib_a-s_sin.o)
 .debug_frame   0x000000a8       0x20 c:/progra~3/matlab/suppor~1/r2019b/3p778c~1.ins/gnuarm~1.ins/win/bin/../lib/gcc/arm-none-eabi/7.2.1/../../../../arm-none-eabi/lib/thumb/v7e-m/fpv4-sp/hard\libm.a(lib_a-w_atan2.o)
 .debug_frame   0x000000c8       0x4c c:/progra~3/matlab/suppor~1/r2019b/3p778c~1.ins/gnuarm~1.ins/win/bin/../lib/gcc/arm-none-eabi/7.2.1/../../../../arm-none-eabi/lib/thumb/v7e-m/fpv4-sp/hard\libm.a(lib_a-w_fmod.o)
 .debug_frame   0x00000114       0x50 c:/progra~3/matlab/suppor~1/r2019b/3p778c~1.ins/gnuarm~1.ins/win/bin/../lib/gcc/arm-none-eabi/7.2.1/../../../../arm-none-eabi/lib/thumb/v7e-m/fpv4-sp/hard\libm.a(lib_a-w_pow.o)
 .debug_frame   0x00000164       0x4c c:/progra~3/matlab/suppor~1/r2019b/3p778c~1.ins/gnuarm~1.ins/win/bin/../lib/gcc/arm-none-eabi/7.2.1/../../../../arm-none-eabi/lib/thumb/v7e-m/fpv4-sp/hard\libm.a(lib_a-w_sqrt.o)
 .debug_frame   0x000001b0       0x44 c:/progra~3/matlab/suppor~1/r2019b/3p778c~1.ins/gnuarm~1.ins/win/bin/../lib/gcc/arm-none-eabi/7.2.1/../../../../arm-none-eabi/lib/thumb/v7e-m/fpv4-sp/hard\libm.a(lib_a-e_atan2.o)
 .debug_frame   0x000001f4       0x34 c:/progra~3/matlab/suppor~1/r2019b/3p778c~1.ins/gnuarm~1.ins/win/bin/../lib/gcc/arm-none-eabi/7.2.1/../../../../arm-none-eabi/lib/thumb/v7e-m/fpv4-sp/hard\libm.a(lib_a-e_fmod.o)
 .debug_frame   0x00000228       0x68 c:/progra~3/matlab/suppor~1/r2019b/3p778c~1.ins/gnuarm~1.ins/win/bin/../lib/gcc/arm-none-eabi/7.2.1/../../../../arm-none-eabi/lib/thumb/v7e-m/fpv4-sp/hard\libm.a(lib_a-e_pow.o)
 .debug_frame   0x00000290       0x44 c:/progra~3/matlab/suppor~1/r2019b/3p778c~1.ins/gnuarm~1.ins/win/bin/../lib/gcc/arm-none-eabi/7.2.1/../../../../arm-none-eabi/lib/thumb/v7e-m/fpv4-sp/hard\libm.a(lib_a-e_rem_pio2.o)
 .debug_frame   0x000002d4       0x30 c:/progra~3/matlab/suppor~1/r2019b/3p778c~1.ins/gnuarm~1.ins/win/bin/../lib/gcc/arm-none-eabi/7.2.1/../../../../arm-none-eabi/lib/thumb/v7e-m/fpv4-sp/hard\libm.a(lib_a-e_sqrt.o)
 .debug_frame   0x00000304       0x6c c:/progra~3/matlab/suppor~1/r2019b/3p778c~1.ins/gnuarm~1.ins/win/bin/../lib/gcc/arm-none-eabi/7.2.1/../../../../arm-none-eabi/lib/thumb/v7e-m/fpv4-sp/hard\libm.a(lib_a-k_cos.o)
 .debug_frame   0x00000370       0x58 c:/progra~3/matlab/suppor~1/r2019b/3p778c~1.ins/gnuarm~1.ins/win/bin/../lib/gcc/arm-none-eabi/7.2.1/../../../../arm-none-eabi/lib/thumb/v7e-m/fpv4-sp/hard\libm.a(lib_a-k_rem_pio2.o)
 .debug_frame   0x000003c8       0x68 c:/progra~3/matlab/suppor~1/r2019b/3p778c~1.ins/gnuarm~1.ins/win/bin/../lib/gcc/arm-none-eabi/7.2.1/../../../../arm-none-eabi/lib/thumb/v7e-m/fpv4-sp/hard\libm.a(lib_a-k_sin.o)
 .debug_frame   0x00000430       0x38 c:/progra~3/matlab/suppor~1/r2019b/3p778c~1.ins/gnuarm~1.ins/win/bin/../lib/gcc/arm-none-eabi/7.2.1/../../../../arm-none-eabi/lib/thumb/v7e-m/fpv4-sp/hard\libm.a(lib_a-s_atan.o)
 .debug_frame   0x00000468       0x20 c:/progra~3/matlab/suppor~1/r2019b/3p778c~1.ins/gnuarm~1.ins/win/bin/../lib/gcc/arm-none-eabi/7.2.1/../../../../arm-none-eabi/lib/thumb/v7e-m/fpv4-sp/hard\libm.a(lib_a-s_fabs.o)
 .debug_frame   0x00000488       0x20 c:/progra~3/matlab/suppor~1/r2019b/3p778c~1.ins/gnuarm~1.ins/win/bin/../lib/gcc/arm-none-eabi/7.2.1/../../../../arm-none-eabi/lib/thumb/v7e-m/fpv4-sp/hard\libm.a(lib_a-s_finite.o)
 .debug_frame   0x000004a8       0x20 c:/progra~3/matlab/suppor~1/r2019b/3p778c~1.ins/gnuarm~1.ins/win/bin/../lib/gcc/arm-none-eabi/7.2.1/../../../../arm-none-eabi/lib/thumb/v7e-m/fpv4-sp/hard\libm.a(lib_a-s_matherr.o)
 .debug_frame   0x000004c8       0x20 c:/progra~3/matlab/suppor~1/r2019b/3p778c~1.ins/gnuarm~1.ins/win/bin/../lib/gcc/arm-none-eabi/7.2.1/../../../../arm-none-eabi/lib/thumb/v7e-m/fpv4-sp/hard\libm.a(lib_a-s_nan.o)
 .debug_frame   0x000004e8       0x38 c:/progra~3/matlab/suppor~1/r2019b/3p778c~1.ins/gnuarm~1.ins/win/bin/../lib/gcc/arm-none-eabi/7.2.1/../../../../arm-none-eabi/lib/thumb/v7e-m/fpv4-sp/hard\libm.a(lib_a-s_rint.o)
 .debug_frame   0x00000520       0x2c c:/progra~3/matlab/suppor~1/r2019b/3p778c~1.ins/gnuarm~1.ins/win/bin/../lib/gcc/arm-none-eabi/7.2.1/../../../../arm-none-eabi/lib/thumb/v7e-m/fpv4-sp/hard\libm.a(lib_a-s_scalbn.o)
 .debug_frame   0x0000054c       0x20 c:/progra~3/matlab/suppor~1/r2019b/3p778c~1.ins/gnuarm~1.ins/win/bin/../lib/gcc/arm-none-eabi/7.2.1/../../../../arm-none-eabi/lib/thumb/v7e-m/fpv4-sp/hard\libm.a(lib_a-s_copysign.o)
 .debug_frame   0x0000056c       0xac c:/progra~3/matlab/suppor~1/r2019b/3p778c~1.ins/gnuarm~1.ins/win/bin/../lib/gcc/arm-none-eabi/7.2.1/thumb/v7e-m/fpv4-sp/hard\libgcc.a(_arm_addsubdf3.o)
 .debug_frame   0x00000618       0x50 c:/progra~3/matlab/suppor~1/r2019b/3p778c~1.ins/gnuarm~1.ins/win/bin/../lib/gcc/arm-none-eabi/7.2.1/thumb/v7e-m/fpv4-sp/hard\libgcc.a(_arm_muldivdf3.o)
 .debug_frame   0x00000668       0xc4 c:/progra~3/matlab/suppor~1/r2019b/3p778c~1.ins/gnuarm~1.ins/win/bin/../lib/gcc/arm-none-eabi/7.2.1/thumb/v7e-m/fpv4-sp/hard\libgcc.a(_arm_cmpdf2.o)
 .debug_frame   0x0000072c       0x20 c:/progra~3/matlab/suppor~1/r2019b/3p778c~1.ins/gnuarm~1.ins/win/bin/../lib/gcc/arm-none-eabi/7.2.1/thumb/v7e-m/fpv4-sp/hard\libgcc.a(_arm_unorddf2.o)
 .debug_frame   0x0000074c       0x24 c:/progra~3/matlab/suppor~1/r2019b/3p778c~1.ins/gnuarm~1.ins/win/bin/../lib/gcc/arm-none-eabi/7.2.1/thumb/v7e-m/fpv4-sp/hard\libgcc.a(_arm_fixdfsi.o)
 .debug_frame   0x00000770       0x24 c:/progra~3/matlab/suppor~1/r2019b/3p778c~1.ins/gnuarm~1.ins/win/bin/../lib/gcc/arm-none-eabi/7.2.1/thumb/v7e-m/fpv4-sp/hard\libgcc.a(_arm_fixunsdfsi.o)
 .debug_frame   0x00000794       0x24 c:/progra~3/matlab/suppor~1/r2019b/3p778c~1.ins/gnuarm~1.ins/win/bin/../lib/gcc/arm-none-eabi/7.2.1/thumb/v7e-m/fpv4-sp/hard\libgcc.a(_arm_truncdfsf2.o)
 .debug_frame   0x000007b8       0x20 c:/progra~3/matlab/suppor~1/r2019b/3p778c~1.ins/gnuarm~1.ins/win/bin/../lib/gcc/arm-none-eabi/7.2.1/../../../../arm-none-eabi/lib/thumb/v7e-m/fpv4-sp/hard\libc_nano.a(lib_a-errno.o)
 .debug_frame   0x000007d8       0x28 c:/progra~3/matlab/suppor~1/r2019b/3p778c~1.ins/gnuarm~1.ins/win/bin/../lib/gcc/arm-none-eabi/7.2.1/../../../../arm-none-eabi/lib/thumb/v7e-m/fpv4-sp/hard\libc_nano.a(lib_a-exit.o)
 .debug_frame   0x00000800       0x2c c:/progra~3/matlab/suppor~1/r2019b/3p778c~1.ins/gnuarm~1.ins/win/bin/../lib/gcc/arm-none-eabi/7.2.1/../../../../arm-none-eabi/lib/thumb/v7e-m/fpv4-sp/hard\libc_nano.a(lib_a-init.o)
 .debug_frame   0x0000082c       0x28 c:/progra~3/matlab/suppor~1/r2019b/3p778c~1.ins/gnuarm~1.ins/win/bin/../lib/gcc/arm-none-eabi/7.2.1/../../../../arm-none-eabi/lib/thumb/v7e-m/fpv4-sp/hard\libc_nano.a(lib_a-memcpy-stub.o)
 .debug_frame   0x00000854       0x20 c:/progra~3/matlab/suppor~1/r2019b/3p778c~1.ins/gnuarm~1.ins/win/bin/../lib/gcc/arm-none-eabi/7.2.1/../../../../arm-none-eabi/lib/thumb/v7e-m/fpv4-sp/hard\libc_nano.a(lib_a-memset.o)
